architecture-lint: OK — all imports respect the layering rules
cargo fmt --check
cargo clippy --all-targets -- -D warnings
    Blocking waiting for file lock on build directory
    Checking awman v0.12.0 (/workspace)
    Finished `dev` profile [unoptimized + debuginfo] target(s) in 1m 27s
make --no-print-directory test

running 3231 tests
....................................................................................... 87/3231
....................................................................................... 174/3231
....................................................................................... 261/3231
....................................................................................... 348/3231
....................................................................................... 435/3231
.........................i............................................................. 522/3231
....................................................................................... 609/3231
....................................................................................... 696/3231
....................................................................................... 783/3231
....................................................................................... 870/3231
....................................................................................... 957/3231
....................................................................................... 1044/3231
....................................................................................... 1131/3231
....................................................................................... 1218/3231
....................................................................................... 1305/3231
....................................................................................... 1392/3231
....................................................................................... 1479/3231
....................................................................................... 1566/3231
....................................................................................... 1653/3231
....................................................................................... 1740/3231
....................................................................................... 1827/3231
....................................................................................... 1914/3231
....................................................................................... 2001/3231
....................................................................................... 2088/3231
..............................................Initialized empty Git repository in /var/tmp/test-fixtures/test-run.MecdNz/.tmpEvS9w7/.git/
[main (root-commit) 160ff7a] init
 1 file changed, 1 insertion(+)
 create mode 100644 f.txt
.Initialized empty Git repository in /var/tmp/test-fixtures/test-run.MecdNz/.tmpEdef5M/.git/
.Initialized empty Git repository in /var/tmp/test-fixtures/test-run.MecdNz/.tmpEUtEq1/.git/
Initialized empty Git repository in /var/tmp/test-fixtures/test-run.MecdNz/.tmpTwfwfT/.git/
[main (root-commit) 160ff7a] init
 1 file changed, 1 insertion(+)
 create mode 100644 f.txt
[main (root-commit) 3d7856c] init
 1 file changed, 1 insertion(+)
 create mode 100644 f.txt
[main (root-commit) 3d7856c] init
 1 file changed, 1 insertion(+)
 create mode 100644 f.txt
....................................... 2175/3231
....................................................................................... 2262/3231
....................................................................................... 2349/3231
.......awman warning: .2 agents are launching in parallel, but output merging is not supported in non-interactive mode; step output will interleave without chrome
.....................................................................[1;22r[24;1H.......... 2436/3231
.........................................7[24;1H[2K[7m [2 agents running | showing: a | Ctrl-S: switch] [0m8..........awman: immediate
awman: immediate again
awman: .msg
.awman: .queued message
awman warning: another
awman: .immediate
..................[r[24;1H[2K.............. 2523/3231
....................................................................................... 2610/3231
....................................................................................... 2697/3231
....................................................................................... 2784/3231
....................................................................................... 2871/3231
....................................................................................... 2958/3231
....................................................................................... 3045/3231
....................................................................................... 3132/3231
....................................................................................... 3219/3231
............
test result: ok. 3230 passed; 0 failed; 1 ignored; 0 measured; 0 filtered out; finished in 6.12s


running 12 tests
............
test result: ok. 12 passed; 0 failed; 0 ignored; 0 measured; 0 filtered out; finished in 0.00s


running 176 tests
....................................................................................... 87/176
....................................................................................... 174/176
..
test result: ok. 176 passed; 0 failed; 0 ignored; 0 measured; 0 filtered out; finished in 1.25s


running 72 tests
........................................................................
test result: ok. 72 passed; 0 failed; 0 ignored; 0 measured; 0 filtered out; finished in 1.75s


running 78 tests
..............................................................................
test result: ok. 78 passed; 0 failed; 0 ignored; 0 measured; 0 filtered out; finished in 0.43s


running 23 tests
.......................
test result: ok. 23 passed; 0 failed; 0 ignored; 0 measured; 0 filtered out; finished in 0.00s


running 39 tests
...................................awman: Pulled 'superpowers' into /var/tmp/test-fixtures/test-run.MecdNz/.tmpKxH36H/skills/.library/superpowers (1 skill(s) found under skills/): brainstorming
awman: Pulled 'superpowers' into /var/tmp/test-fixtures/test-run.MecdNz/.tmpKxH36H/skills/.library/superpowers (2 skill(s) found under skills/): brainstorming, refreshed
.awman: Pulled 'alpha' into /var/tmp/test-fixtures/test-run.MecdNz/.tmp8cxZy2/skills/.library/alpha (1 skill(s) found under skills/): brainstorming
awman: Pulled 'beta' into /var/tmp/test-fixtures/test-run.MecdNz/.tmp8cxZy2/skills/.library/beta (1 skill(s) found under skills/): brainstorming
awman: Pulled 'alpha' into /var/tmp/test-fixtures/test-run.MecdNz/.tmp8cxZy2/skills/.library/alpha (2 skill(s) found under skills/): alpha-refresh, brainstorming
awman: Pulled 'beta' into /var/tmp/test-fixtures/test-run.MecdNz/.tmp8cxZy2/skills/.library/beta (2 skill(s) found under skills/): beta-refresh, brainstorming
awman: Skill library refresh complete: 2 succeeded, 0 failed.
.awman: Pulled 'alpha' into /var/tmp/test-fixtures/test-run.MecdNz/.tmpIvMLRC/skills/.library/alpha (1 skill(s) found under custom-skills/): brainstorming
awman: Pulled 'beta' into /var/tmp/test-fixtures/test-run.MecdNz/.tmpIvMLRC/skills/.library/beta (1 skill(s) found under skills/): brainstorming
awman: Pulled 'alpha' into /var/tmp/test-fixtures/test-run.MecdNz/.tmpIvMLRC/skills/.library/alpha (1 skill(s) found under custom-skills/): brainstorming
awman: Pulled 'beta' into /var/tmp/test-fixtures/test-run.MecdNz/.tmpIvMLRC/skills/.library/beta (1 skill(s) found under skills/): brainstorming
awman: Skill library refresh complete: 2 succeeded, 0 failed.
.awman: Pulled 'custom-library' into /var/tmp/test-fixtures/test-run.MecdNz/.tmpd39FQp/skills/.library/custom-library (1 skill(s) found under custom-skills/): brainstorming
.
test result: ok. 39 passed; 0 failed; 0 ignored; 0 measured; 0 filtered out; finished in 0.48s


running 113 tests
....................................................................................... 87/113
..........................
test result: ok. 113 passed; 0 failed; 0 ignored; 0 measured; 0 filtered out; finished in 0.09s


running 3 tests
...
test result: ok. 3 passed; 0 failed; 0 ignored; 0 measured; 0 filtered out; finished in 0.00s


running 133 tests
...................................
running 1 test

running 1 test
.test credential_refresh_integration::integration_monitor_refreshes_near_expiry_and_advances_expiry ... oktest credential_refresh_integration::integration_monitor_failed_host_refresh_warns_and_keeps_last_known_good ... ok



test result: test result: okok. 1 passed; 0 failed; 0 ignored; 0 measured; 132 filtered out. 1 passed; 0 failed; 0 ignored; 0 measured; 132 filtered out; finished in 0.01s

; finished in 0.01s

..
running 1 test

running 1 test

running 1 test
test credential_refresh_integration::integration_monitor_rewrites_only_live_leases_and_skips_dropped ... ok

test result: ok. 1 passed; 0 failed; 0 ignored; 0 measured; 132 filtered out; finished in 0.00s

.
running 1 test
.....test credential_refresh_integration::integration_workflow_auth_non_auth_failure_does_not_refresh_or_retry ... ok

test result: ok. 1 passed; 0 failed; 0 ignored; 0 measured; 132 filtered out; finished in 0.11s

...Initialized empty Git repository in /var/tmp/test-fixtures/test-run.MecdNz/.tmpJg40aT/repo/.git/
Initialized empty Git repository in /var/tmp/test-fixtures/test-run.MecdNz/.tmp5Kahh5/.git/
..[main (root-commit) 9962a0a] initial
 1 file changed, 1 insertion(+)
 create mode 100644 README.md
Initialized empty Git repository in /var/tmp/test-fixtures/test-run.MecdNz/.tmpRIGeY5/repo/.git/
...Initialized empty Git repository in /var/tmp/test-fixtures/test-run.MecdNz/.tmpKTK7SG/repo/.git/
Initialized empty Git repository in /var/tmp/test-fixtures/test-run.MecdNz/.tmpiRe6YU/.git/
Initialized empty Git repository in /var/tmp/test-fixtures/test-run.MecdNz/.tmpLSZQmv/.git/
Initialized empty Git repository in /var/tmp/test-fixtures/test-run.MecdNz/.tmpfjwIJ3/.git/
................................... 87/133
................................[main (root-commit) 9962a0a] initial
 1 file changed, 1 insertion(+)
 create mode 100644 README.md
.[main (root-commit) 9962a0a] initial
 1 file changed, 1 insertion(+)
 create mode 100644 README.md
[main (root-commit) 9962a0a] initial
 1 file changed, 1 insertion(+)
 create mode 100644 README.md
.....test credential_refresh_integration::integration_workflow_auth_401_refreshes_and_retries_exactly_once ... ok
.
test result: ok. 1 passed; 0 failed; 0 ignored; 0 measured; 132 filtered out; finished in 0.22s

.....[awman/work-item-0042 6330bc4] branch work
 1 file changed, 1 insertion(+)
 create mode 100644 change.txt
.test credential_refresh_integration::integration_spawn_choke_holds_lease_before_pty_piped_and_acp_on_docker_and_apple ... ok

test result: ok. 1 passed; 0 failed; 0 ignored; 0 measured; 132 filtered out; finished in 1.01s

.
test result: ok. 133 passed; 0 failed; 0 ignored; 0 measured; 0 filtered out; finished in 1.12s


running 39 tests
.......................................
test result: ok. 39 passed; 0 failed; 0 ignored; 0 measured; 0 filtered out; finished in 1.01s


running 1 test
.
test result: ok. 1 passed; 0 failed; 0 ignored; 0 measured; 0 filtered out; finished in 0.00s


running 11 tests
...........
test result: ok. 11 passed; 0 failed; 0 ignored; 0 measured; 0 filtered out; finished in 0.68s


running 9 tests
.........
test result: ok. 9 passed; 0 failed; 0 ignored; 0 measured; 0 filtered out; finished in 0.03s


running 7 tests
.......
test result: ok. 7 passed; 0 failed; 0 ignored; 0 measured; 0 filtered out; finished in 0.02s


running 13 tests
.i...........
test result: ok. 12 passed; 0 failed; 1 ignored; 0 measured; 0 filtered out; finished in 0.51s


running 3 tests
...
test result: ok. 3 passed; 0 failed; 0 ignored; 0 measured; 0 filtered out; finished in 0.28s


running 19 tests
...................
test result: ok. 19 passed; 0 failed; 0 ignored; 0 measured; 0 filtered out; finished in 3.06s


running 1 test
.
test result: ok. 1 passed; 0 failed; 0 ignored; 0 measured; 0 filtered out; finished in 0.63s


running 7 tests
.......
test result: ok. 7 passed; 0 failed; 0 ignored; 0 measured; 0 filtered out; finished in 0.00s


running 7 tests
i......
test result: ok. 6 passed; 0 failed; 1 ignored; 0 measured; 0 filtered out; finished in 0.20s


running 5 tests
i....
test result: ok. 4 passed; 0 failed; 1 ignored; 0 measured; 0 filtered out; finished in 0.43s


running 6 tests
......
test result: ok. 6 passed; 0 failed; 0 ignored; 0 measured; 0 filtered out; finished in 0.00s


running 3 tests
...
test result: ok. 3 passed; 0 failed; 0 ignored; 0 measured; 0 filtered out; finished in 0.16s


running 5 tests
.....
test result: ok. 5 passed; 0 failed; 0 ignored; 0 measured; 0 filtered out; finished in 0.00s


running 2 tests
..
test result: ok. 2 passed; 0 failed; 0 ignored; 0 measured; 0 filtered out; finished in 0.03s


running 7 tests
.......
test result: ok. 7 passed; 0 failed; 0 ignored; 0 measured; 0 filtered out; finished in 0.48s


running 4 tests
....
test result: ok. 4 passed; 0 failed; 0 ignored; 0 measured; 0 filtered out; finished in 0.01s


running 13 tests
.............
test result: ok. 13 passed; 0 failed; 0 ignored; 0 measured; 0 filtered out; finished in 5.63s


running 0 tests

test result: ok. 0 passed; 0 failed; 0 ignored; 0 measured; 0 filtered out; finished in 0.00s

