warning: use of deprecated tuple variant `time::format_description::BorrowedFormatItem::Literal`: use `StringLiteral` instead; raw bytes are not recommended
   --> third_party/sqlx-sqlite-0.9.0/src/types/time.rs:196:67
    |
196 |     use time::format_description::BorrowedFormatItem::{Component, Literal, Optional};
    |                                                                   ^^^^^^^
    |
    = note: `#[warn(deprecated)]` on by default

warning: use of deprecated tuple variant `time::format_description::Component::Year`: use one of the various `Year*` components instead
   --> third_party/sqlx-sqlite-0.9.0/src/types/time.rs:199:52
    |
199 |     const YEAR: BorrowedFormatItem<'_> = Component(Year({
    |                                                    ^^^^

warning: use of deprecated struct `time::format_description::modifier::Year`: use one of the various `Year*` components instead
   --> third_party/sqlx-sqlite-0.9.0/src/types/time.rs:200:35
    |
200 |         let mut value = modifier::Year::default();
    |                                   ^^^^

warning: use of deprecated unit variant `time::format_description::modifier::YearRepr::Full`: used only in the deprecated `Year` component
   --> third_party/sqlx-sqlite-0.9.0/src/types/time.rs:202:42
    |
202 |         value.repr = modifier::YearRepr::Full;
    |                                          ^^^^

warning: use of deprecated tuple variant `time::format_description::Component::Month`: use `MonthShort`, `MonthLong`, or `MonthNumeric` instead
   --> third_party/sqlx-sqlite-0.9.0/src/types/time.rs:208:53
    |
208 |     const MONTH: BorrowedFormatItem<'_> = Component(Month({
    |                                                     ^^^^^

warning: use of deprecated struct `time::format_description::modifier::Month`: use `MonthShort`, `MonthLong`, or `MonthNumeric` instead
   --> third_party/sqlx-sqlite-0.9.0/src/types/time.rs:209:35
    |
209 |         let mut value = modifier::Month::default();
    |                                   ^^^^^

warning: use of deprecated unit variant `time::format_description::modifier::MonthRepr::Numerical`: used only in the deprecated `Month` component
   --> third_party/sqlx-sqlite-0.9.0/src/types/time.rs:211:43
    |
211 |         value.repr = modifier::MonthRepr::Numerical;
    |                                           ^^^^^^^^^

warning: use of deprecated tuple variant `time::format_description::Component::Hour`: use `Hour12` or `Hour24` instead
   --> third_party/sqlx-sqlite-0.9.0/src/types/time.rs:222:52
    |
222 |     const HOUR: BorrowedFormatItem<'_> = Component(Hour({
    |                                                    ^^^^

warning: use of deprecated struct `time::format_description::modifier::Hour`: use `Hour12` or `Hour24` instead
   --> third_party/sqlx-sqlite-0.9.0/src/types/time.rs:223:35
    |
223 |         let mut value = modifier::Hour::default();
    |                                   ^^^^

warning: use of deprecated tuple variant `time::format_description::BorrowedFormatItem::Literal`: use `StringLiteral` instead; raw bytes are not recommended
   --> third_party/sqlx-sqlite-0.9.0/src/types/time.rs:263:13
    |
263 |             Literal(b"-"),
    |             ^^^^^^^

warning: use of deprecated tuple variant `time::format_description::BorrowedFormatItem::Literal`: use `StringLiteral` instead; raw bytes are not recommended
   --> third_party/sqlx-sqlite-0.9.0/src/types/time.rs:265:13
    |
265 |             Literal(b"-"),
    |             ^^^^^^^

warning: use of deprecated tuple variant `time::format_description::BorrowedFormatItem::Literal`: use `StringLiteral` instead; raw bytes are not recommended
   --> third_party/sqlx-sqlite-0.9.0/src/types/time.rs:267:23
    |
267 |             Optional(&Literal(b" ")),
    |                       ^^^^^^^

warning: use of deprecated tuple variant `time::format_description::BorrowedFormatItem::Literal`: use `StringLiteral` instead; raw bytes are not recommended
   --> third_party/sqlx-sqlite-0.9.0/src/types/time.rs:268:23
    |
268 |             Optional(&Literal(b"T")),
    |                       ^^^^^^^

warning: use of deprecated tuple variant `time::format_description::BorrowedFormatItem::Literal`: use `StringLiteral` instead; raw bytes are not recommended
   --> third_party/sqlx-sqlite-0.9.0/src/types/time.rs:270:13
    |
270 |             Literal(b":"),
    |             ^^^^^^^

warning: use of deprecated tuple variant `time::format_description::BorrowedFormatItem::Literal`: use `StringLiteral` instead; raw bytes are not recommended
   --> third_party/sqlx-sqlite-0.9.0/src/types/time.rs:272:23
    |
272 |             Optional(&Literal(b":")),
    |                       ^^^^^^^

warning: use of deprecated tuple variant `time::format_description::BorrowedFormatItem::Literal`: use `StringLiteral` instead; raw bytes are not recommended
   --> third_party/sqlx-sqlite-0.9.0/src/types/time.rs:274:23
    |
274 |             Optional(&Literal(b".")),
    |                       ^^^^^^^

warning: use of deprecated tuple variant `time::format_description::BorrowedFormatItem::Literal`: use `StringLiteral` instead; raw bytes are not recommended
   --> third_party/sqlx-sqlite-0.9.0/src/types/time.rs:277:23
    |
277 |             Optional(&Literal(b":")),
    |                       ^^^^^^^

warning: use of deprecated tuple variant `time::format_description::BorrowedFormatItem::Literal`: use `StringLiteral` instead; raw bytes are not recommended
   --> third_party/sqlx-sqlite-0.9.0/src/types/time.rs:285:13
    |
285 |             Literal(b"-"),
    |             ^^^^^^^

warning: use of deprecated tuple variant `time::format_description::BorrowedFormatItem::Literal`: use `StringLiteral` instead; raw bytes are not recommended
   --> third_party/sqlx-sqlite-0.9.0/src/types/time.rs:287:13
    |
287 |             Literal(b"-"),
    |             ^^^^^^^

warning: use of deprecated tuple variant `time::format_description::BorrowedFormatItem::Literal`: use `StringLiteral` instead; raw bytes are not recommended
   --> third_party/sqlx-sqlite-0.9.0/src/types/time.rs:289:13
    |
289 |             Literal(b" "),
    |             ^^^^^^^

warning: use of deprecated tuple variant `time::format_description::BorrowedFormatItem::Literal`: use `StringLiteral` instead; raw bytes are not recommended
   --> third_party/sqlx-sqlite-0.9.0/src/types/time.rs:291:13
    |
291 |             Literal(b":"),
    |             ^^^^^^^

warning: use of deprecated tuple variant `time::format_description::BorrowedFormatItem::Literal`: use `StringLiteral` instead; raw bytes are not recommended
   --> third_party/sqlx-sqlite-0.9.0/src/types/time.rs:293:23
    |
293 |             Optional(&Literal(b":")),
    |                       ^^^^^^^

warning: use of deprecated tuple variant `time::format_description::BorrowedFormatItem::Literal`: use `StringLiteral` instead; raw bytes are not recommended
   --> third_party/sqlx-sqlite-0.9.0/src/types/time.rs:295:23
    |
295 |             Optional(&Literal(b".")),
    |                       ^^^^^^^

warning: use of deprecated tuple variant `time::format_description::BorrowedFormatItem::Literal`: use `StringLiteral` instead; raw bytes are not recommended
   --> third_party/sqlx-sqlite-0.9.0/src/types/time.rs:297:23
    |
297 |             Optional(&Literal(b"Z")),
    |                       ^^^^^^^

warning: use of deprecated tuple variant `time::format_description::BorrowedFormatItem::Literal`: use `StringLiteral` instead; raw bytes are not recommended
   --> third_party/sqlx-sqlite-0.9.0/src/types/time.rs:304:13
    |
304 |             Literal(b"-"),
    |             ^^^^^^^

warning: use of deprecated tuple variant `time::format_description::BorrowedFormatItem::Literal`: use `StringLiteral` instead; raw bytes are not recommended
   --> third_party/sqlx-sqlite-0.9.0/src/types/time.rs:306:13
    |
306 |             Literal(b"-"),
    |             ^^^^^^^

warning: use of deprecated tuple variant `time::format_description::BorrowedFormatItem::Literal`: use `StringLiteral` instead; raw bytes are not recommended
   --> third_party/sqlx-sqlite-0.9.0/src/types/time.rs:308:13
    |
308 |             Literal(b"T"),
    |             ^^^^^^^

warning: use of deprecated tuple variant `time::format_description::BorrowedFormatItem::Literal`: use `StringLiteral` instead; raw bytes are not recommended
   --> third_party/sqlx-sqlite-0.9.0/src/types/time.rs:310:13
    |
310 |             Literal(b":"),
    |             ^^^^^^^

warning: use of deprecated tuple variant `time::format_description::BorrowedFormatItem::Literal`: use `StringLiteral` instead; raw bytes are not recommended
   --> third_party/sqlx-sqlite-0.9.0/src/types/time.rs:312:23
    |
312 |             Optional(&Literal(b":")),
    |                       ^^^^^^^

warning: use of deprecated tuple variant `time::format_description::BorrowedFormatItem::Literal`: use `StringLiteral` instead; raw bytes are not recommended
   --> third_party/sqlx-sqlite-0.9.0/src/types/time.rs:314:23
    |
314 |             Optional(&Literal(b".")),
    |                       ^^^^^^^

warning: use of deprecated tuple variant `time::format_description::BorrowedFormatItem::Literal`: use `StringLiteral` instead; raw bytes are not recommended
   --> third_party/sqlx-sqlite-0.9.0/src/types/time.rs:316:23
    |
316 |             Optional(&Literal(b"Z")),
    |                       ^^^^^^^

warning: use of deprecated field `time::format_description::modifier::Year::padding`: use one of the various `Year*` components instead
   --> third_party/sqlx-sqlite-0.9.0/src/types/time.rs:201:9
    |
201 |         value.padding = modifier::Padding::Zero;
    |         ^^^^^^^^^^^^^

warning: use of deprecated field `time::format_description::modifier::Year::repr`: use one of the various `Year*` components instead
   --> third_party/sqlx-sqlite-0.9.0/src/types/time.rs:202:9
    |
202 |         value.repr = modifier::YearRepr::Full;
    |         ^^^^^^^^^^

warning: use of deprecated field `time::format_description::modifier::Year::iso_week_based`: use one of the various `Year*` components instead
   --> third_party/sqlx-sqlite-0.9.0/src/types/time.rs:203:9
    |
203 |         value.iso_week_based = false;
    |         ^^^^^^^^^^^^^^^^^^^^

warning: use of deprecated field `time::format_description::modifier::Year::sign_is_mandatory`: use one of the various `Year*` components instead
   --> third_party/sqlx-sqlite-0.9.0/src/types/time.rs:204:9
    |
204 |         value.sign_is_mandatory = false;
    |         ^^^^^^^^^^^^^^^^^^^^^^^

warning: use of deprecated field `time::format_description::modifier::Month::padding`: use `MonthShort`, `MonthLong`, or `MonthNumeric` instead
   --> third_party/sqlx-sqlite-0.9.0/src/types/time.rs:210:9
    |
210 |         value.padding = modifier::Padding::Zero;
    |         ^^^^^^^^^^^^^

warning: use of deprecated field `time::format_description::modifier::Month::repr`: use `MonthShort`, `MonthLong`, or `MonthNumeric` instead
   --> third_party/sqlx-sqlite-0.9.0/src/types/time.rs:211:9
    |
211 |         value.repr = modifier::MonthRepr::Numerical;
    |         ^^^^^^^^^^

warning: use of deprecated field `time::format_description::modifier::Month::case_sensitive`: use `MonthShort`, `MonthLong`, or `MonthNumeric` instead
   --> third_party/sqlx-sqlite-0.9.0/src/types/time.rs:212:9
    |
212 |         value.case_sensitive = true;
    |         ^^^^^^^^^^^^^^^^^^^^

warning: use of deprecated field `time::format_description::modifier::Hour::padding`: use `Hour12` or `Hour24` instead
   --> third_party/sqlx-sqlite-0.9.0/src/types/time.rs:224:9
    |
224 |         value.padding = modifier::Padding::Zero;
    |         ^^^^^^^^^^^^^

warning: use of deprecated field `time::format_description::modifier::Hour::is_12_hour_clock`: use `Hour12` or `Hour24` instead
   --> third_party/sqlx-sqlite-0.9.0/src/types/time.rs:225:9
    |
225 |         value.is_12_hour_clock = false;
    |         ^^^^^^^^^^^^^^^^^^^^^^

warning: `sqlx-sqlite` (lib) generated 40 warnings
    Finished `test` profile [unoptimized + debuginfo] target(s) in 0.50s
     Running tests/oci_import/main.rs (target/debug/deps/oci_import-04a5cc7bee0c96da)

running 3 tests
SKIP: native_keychain_disposable_registry_entry: AWMAN_TEST_NATIVE_KEYCHAIN=1 is not set (native credential opt-in)
SKIP: store_registry_real_ca_proxy_auth_roundtrip: 
thread 'real_stores::native_keychain_disposable_registry_entry' (142327) panicked at tests/oci_import/real_stores.rs:37:9:
native_keychain_disposable_registry_entry: an external service is required (AWMAN_TEST_REQUIRE_EXTERNAL=1) but: AWMAN_TEST_NATIVE_KEYCHAIN=1 is not set (native credential opt-in)
note: run with `RUST_BACKTRACE=1` environment variable to display a backtrace
AWMAN_TEST_IMAGE_STORES=1 is not set (real-store opt-in)

thread 'real_stores::store_registry_real_ca_proxy_auth_roundtrip' (142329) panicked at tests/oci_import/real_stores.rs:37:9:
store_registry_real_ca_proxy_auth_roundtrip: an external service is required (AWMAN_TEST_REQUIRE_EXTERNAL=1) but: AWMAN_TEST_IMAGE_STORES=1 is not set (real-store opt-in)
SKIP: store_docker_real_engine_unix_or_tls_roundtrip: AWMAN_TEST_IMAGE_STORES=1 is not set (real-store opt-in)

thread 'real_stores::store_docker_real_engine_unix_or_tls_roundtrip' (142328) panicked at tests/oci_import/real_stores.rs:37:9:
store_docker_real_engine_unix_or_tls_roundtrip: an external service is required (AWMAN_TEST_REQUIRE_EXTERNAL=1) but: AWMAN_TEST_IMAGE_STORES=1 is not set (real-store opt-in)
test real_stores::native_keychain_disposable_registry_entry ... FAILED
test real_stores::store_docker_real_engine_unix_or_tls_roundtrip ... FAILED
test real_stores::store_registry_real_ca_proxy_auth_roundtrip ... FAILED

failures:

failures:
    real_stores::native_keychain_disposable_registry_entry
    real_stores::store_docker_real_engine_unix_or_tls_roundtrip
    real_stores::store_registry_real_ca_proxy_auth_roundtrip

test result: FAILED. 0 passed; 3 failed; 0 ignored; 0 measured; 36 filtered out; finished in 0.01s

error: test failed, to rerun pass `--test oci_import`
