EXISTS aspec/work-items/0121-complete-builtin-runtime-and-native-verification.md
EXISTS aspec/work-items/../review-notes/0119-final-adversarial-verification.md
EXISTS aspec/work-items/0122-native-apple-image-store-bridge.md
EXISTS aspec/work-items/0123-builtin-native-verification-and-release-closure.md
EXISTS aspec/work-items/0120-upstream-embedded-kernel-support.md
EXISTS aspec/work-items/../../tools/oci-runtime-spike/README.md
EXISTS aspec/work-items/../../tools/oci-runtime-spike/strict-embed/README.md
EXISTS aspec/work-items/../../tools/oci-runtime-spike/sqlite-resolution/README.md
EXISTS aspec/work-items/../review-notes/0121-evidence-register.md
EXISTS aspec/work-items/0119-strict-embedded-microsandbox-runtime.md
EXISTS aspec/work-items/../../third_party/microsandbox-0.7.2/upstream.diff
EXISTS aspec/work-items/../../third_party/microsandbox-0.7.2/PATCH.md
EXISTS aspec/work-items/../../third_party/microsandbox-network-0.7.2/upstream.diff
EXISTS aspec/work-items/../../third_party/microsandbox-network-0.7.2/PATCH.md
EXISTS aspec/work-items/../../third_party/microsandbox-types-0.7.2/upstream.diff
EXISTS aspec/work-items/../../third_party/microsandbox-types-0.7.2/PATCH.md
EXISTS aspec/work-items/../../third_party/README.md
EXISTS aspec/work-items/../review-notes/0121-evidence-register.md
EXISTS aspec/work-items/0122-native-apple-image-store-bridge.md
EXISTS aspec/work-items/0123-builtin-native-verification-and-release-closure.md
EXISTS aspec/work-items/0119-strict-embedded-microsandbox-runtime.md
EXISTS aspec/work-items/../review-notes/0119-final-adversarial-verification.md
EXISTS aspec/work-items/0120-upstream-embedded-kernel-support.md
EXISTS aspec/work-items/0121-complete-builtin-runtime-and-native-verification.md
EXISTS aspec/work-items/0119-strict-embedded-microsandbox-runtime.md
EXISTS aspec/work-items/0121-complete-builtin-runtime-and-native-verification.md
EXISTS aspec/work-items/0122-native-apple-image-store-bridge.md
EXISTS aspec/work-items/../review-notes/0121-evidence-register.md
EXISTS docs/04-security-and-isolation.md
EXISTS docs/03-agent-sessions.md
EXISTS docs/13-cleaning-up.md
EXISTS docs/03-agent-sessions.md
EXISTS docs/10-github-integration.md
EXISTS docs/12-squad.md
EXISTS aspec/architecture/./2026-grand-architecture.md
EXISTS aspec/architecture/../review-notes/0121-evidence-register.md
EXISTS third_party/microsandbox-network-0.7.2/PATCH.md
EXISTS third_party/microsandbox-types-0.7.2/PATCH.md
EXISTS ./third_party/README.md
EXISTS ./third_party/microsandbox-network-0.7.2/PATCH.md
EXISTS ./third_party/microsandbox-types-0.7.2/PATCH.md
EXISTS tools/oci-runtime-spike/sqlite-resolution/../../../aspec/work-items/0119-strict-embedded-microsandbox-runtime.md
EXISTS tools/oci-runtime-spike/sqlite-resolution/../../../aspec/review-notes/0121-evidence-register.md
EXISTS tools/oci-runtime-spike/sqlite-resolution/results/linux-arm64/
