architecture-lint: OK — all imports respect the layering rules
cargo fmt --check
cargo clippy --all-targets -- -D warnings
    Checking awman v0.12.0 (/workspace)
    Finished `dev` profile [unoptimized + debuginfo] target(s) in 1.02s
make --no-print-directory test

running 3234 tests
....................................................................................... 87/3234
....................................................................................... 174/3234
....................................................................................... 261/3234
....................................................................................... 348/3234
....................................................................................... 435/3234
........................i.............................................................. 522/3234
....................................................................................... 609/3234
....................................................................................... 696/3234
....................................................................................... 783/3234
....................................................................................... 870/3234
....................................................................................... 957/3234
....................................................................................... 1044/3234
....................................................................................... 1131/3234
....................................................................................... 1218/3234
....................................................................................... 1305/3234
....................................................................................... 1392/3234
....................................................................................... 1479/3234
....................................................................................... 1566/3234
....................................................................................... 1653/3234
....................................................................................... 1740/3234
....................................................................................... 1827/3234
....................................................................................... 1914/3234
....................................................................................... 2001/3234
....................................................................................... 2088/3234
.................................................Initialized empty Git repository in /var/tmp/test-fixtures/test-run.uoaE3y/.tmpWnQoyH/.git/
[main (root-commit) 9c302f6] init
 1 file changed, 1 insertion(+)
 create mode 100644 f.txt
Initialized empty Git repository in /var/tmp/test-fixtures/test-run.uoaE3y/.tmpZvD1Ek/.git/
..Initialized empty Git repository in /var/tmp/test-fixtures/test-run.uoaE3y/.tmpHm59sl/.git/
Initialized empty Git repository in /var/tmp/test-fixtures/test-run.uoaE3y/.tmpBd7slL/.git/
[main (root-commit) 9c302f6] init
 1 file changed, 1 insertion(+)
 create mode 100644 f.txt
[main (root-commit) 9c302f6] init
 1 file changed, 1 insertion(+)
 create mode 100644 f.txt
[main (root-commit) 9c302f6] init
 1 file changed, 1 insertion(+)
 create mode 100644 f.txt
.................................... 2175/3234
....................................................................................... 2262/3234
....................................................................................... 2349/3234
...........awman warning: .2 agents are launching in parallel, but output merging is not supported in non-interactive mode; step output will interleave without chrome
...............................................................[1;22r[24;1H............ 2436/3234
..............................7[24;1H[2K[7m [2 agents running | showing: a | Ctrl-S: switch] [0m8........................awman: immediate
awman: immediate again
awman: .msg
awman: .queued message
.awman warning: .another
.awman: .immediate
.............[r[24;1H[2K.............. 2523/3234
....................................................................................... 2610/3234
....................................................................................... 2697/3234
....................................................................................... 2784/3234
....................................................................................... 2871/3234
....................................................................................... 2958/3234
....................................................................................... 3045/3234
....................................................................................... 3132/3234
....................................................................................... 3219/3234
...............
test result: ok. 3233 passed; 0 failed; 1 ignored; 0 measured; 0 filtered out; finished in 6.09s


running 12 tests
............
test result: ok. 12 passed; 0 failed; 0 ignored; 0 measured; 0 filtered out; finished in 0.00s


running 176 tests
....................................................................................... 87/176
....................................................................................... 174/176
..
test result: ok. 176 passed; 0 failed; 0 ignored; 0 measured; 0 filtered out; finished in 1.25s


running 72 tests
........................................................................
test result: ok. 72 passed; 0 failed; 0 ignored; 0 measured; 0 filtered out; finished in 1.76s


running 81 tests
.......................... 26/81
gates::builtin_ci_runs_the_hermetic_builtin_tier_and_has_explicit_hardware_jobs --- FAILED
......................................................
failures:

---- gates::builtin_ci_runs_the_hermetic_builtin_tier_and_has_explicit_hardware_jobs stdout ----

thread 'gates::builtin_ci_runs_the_hermetic_builtin_tier_and_has_explicit_hardware_jobs' (205609) panicked at tests/builtin_runtime/gates.rs:313:9:
prerequisite check for com.apple.security.hypervisor is missing
note: run with `RUST_BACKTRACE=1` environment variable to display a backtrace


failures:
    gates::builtin_ci_runs_the_hermetic_builtin_tier_and_has_explicit_hardware_jobs

test result: FAILED. 80 passed; 1 failed; 0 ignored; 0 measured; 0 filtered out; finished in 0.42s

error: test failed, to rerun pass `--test builtin_runtime`
make[1]: *** [Makefile:52: test] Error 101
make: *** [Makefile:89: pre-push] Error 2
