    Blocking waiting for file lock on artifact directory
    Finished `test` profile [unoptimized + debuginfo] target(s) in 2m 29s
     Running unittests lib/lib.rs (target/debug/deps/microsandbox_network-7919e597e2243b01)

running 88 tests
test model::config::builder::tests::network_builder_sets_strict_mode ... ok
test model::policy::types::tests::allow_all_policy_permits_host_gateway ... ok
test model::config::builder::tests::strict_sni_is_explicit_and_survives_config_roundtrip ... ok
test model::policy::types::tests::allow_domains_and_deny_domains_chain ... ok
test model::policy::types::tests::allow_rule_before_deny_wins_on_shared_ip ... ok
test engine::tcp::proxy::tests::strict_mode_blocks_hostname_allowed_opaque_tls ... ok
test engine::tcp::proxy::tests::strict_mode_leaves_default_allowed_opaque_tls_to_policy ... ok
test model::policy::types::tests::any_direction_rule_matches_egress_and_ingress ... ok
test model::policy::types::tests::cache_only_source_matches_evaluate_egress_wrapper ... ok
test model::policy::types::tests::default_deny_allows_multiple_domain_rules_after_dns ... ok
test model::policy::types::tests::default_ingress_allows_unfiltered_with_no_rules ... ok
test model::policy::types::tests::default_policy_is_the_public_profile ... ok
test model::policy::types::tests::deferred_allow_domain_ipv4_mapped_requires_cache_binding ... ok
test model::policy::types::tests::deferred_allow_domain_ipv6_requires_cache_binding ... ok
test model::policy::types::tests::deferred_allow_domain_suffix_requires_cache_binding ... ok
test model::policy::types::tests::deferred_allow_domain_with_cache_binding_defers ... ok
test model::policy::types::tests::deferred_allow_domain_without_cache_binding_falls_to_default ... ok
test model::policy::types::tests::defer_through_action_conversion_debug_panics - should panic ... ok
test model::policy::types::tests::deferred_deny_domain_with_default_allow_still_defers ... ok
test model::policy::types::tests::deferred_deny_domain_with_later_ip_allow_defers ... ok
test model::policy::types::tests::deferred_deny_domain_with_later_ip_deny_does_not_defer ... ok
test model::policy::types::tests::deferred_deny_domain_without_tail_allow_falls_to_default_deny ... ok
test engine::tcp::proxy::tests::strict_sni_end_to_end_tls_reaches_allowed_server_without_interception ... ok
test model::policy::types::tests::deferred_returns_allow_for_earlier_matching_cidr_allow ... ok
test model::policy::types::tests::deferred_returns_deny_for_earlier_matching_cidr_deny ... ok
test model::policy::types::tests::deferred_skips_domain_rule_pruned_by_protocol_or_port_filter ... ok
test model::policy::types::tests::deny_dns_is_the_exact_action_inverse_of_allow_dns ... ok
test model::policy::types::tests::deny_domain_suffixes_prepends_suffix_rules ... ok
test model::policy::types::tests::deny_domains_empty_input_is_noop ... ok
test model::policy::types::tests::deny_domains_outranks_existing_allow_public ... ok
test model::policy::types::tests::deny_domains_invalid_input_returns_error ... ok
test model::policy::types::tests::deny_domains_prepends_one_rule_per_name ... ok
test model::policy::types::tests::deny_rule_sni_matches_domain_suffix_without_cache_binding ... ok
test model::policy::types::tests::deny_rule_sni_matches_exact_domain_with_cache_binding ... ok
test model::policy::types::tests::deny_rule_sni_matches_exact_domain_without_cache_binding ... ok
test model::policy::types::tests::deserialized_policies_normalize_domain_values ... ok
test model::policy::types::tests::domain_rule_does_not_match_other_cached_hostnames ... ok
test model::policy::types::tests::empty_profile_set_has_no_implicit_dns_or_egress ... ok
test model::policy::types::tests::evaluate_dns_query_allows_broad_udp_rule ... ok
test model::policy::types::tests::evaluate_dns_query_any_direction_rule_applies ... ok
test model::policy::types::tests::evaluate_dns_query_does_not_match_disjoint_suffix ... ok
test model::policy::types::tests::evaluate_dns_query_domain_rules_ignore_port_and_protocol_filters ... ok
test model::policy::types::tests::evaluate_dns_query_first_match_wins_when_allow_precedes_deny ... ok
test model::policy::types::tests::evaluate_dns_query_group_host_grants_dns_under_deny_by_default ... ok
test model::policy::types::tests::evaluate_dns_query_group_host_respects_protocol_port_filter ... ok
test model::policy::types::tests::evaluate_dns_query_matches_any_but_not_ip_destinations ... ok
test model::policy::types::tests::evaluate_dns_query_matches_exact_domain ... ok
test model::policy::types::tests::evaluate_dns_query_matches_suffix_apex_and_subdomain ... ok
test model::policy::types::tests::evaluate_dns_query_skips_ingress_only_rules ... ok
test model::policy::types::tests::evaluate_dns_query_uses_default_egress ... ok
test model::policy::types::tests::evaluate_dns_query_without_name_uses_any_rules_and_default ... ok
test model::policy::types::tests::exact_domain_rules_match_resolved_hostnames ... ok
test model::policy::types::tests::exact_domain_rules_match_resolved_hostnames_for_icmp ... ok
test model::policy::types::tests::exact_domain_rules_normalize_user_input ... ok
test model::policy::types::tests::group_host_allow_overrides_private_deny_when_ordered_first ... ok
test model::policy::types::tests::group_host_does_not_match_other_ips ... ok
test model::policy::types::tests::group_host_matches_gateway_v4 ... ok
test model::policy::types::tests::group_host_matches_gateway_v6 ... ok
test model::policy::types::tests::hostname_allow_detection_ignores_address_allow ... ok
test model::policy::types::tests::hostname_allow_detection_ignores_default_allow ... ok
test model::policy::types::tests::hostname_allow_detection_tracks_matching_domain_allow ... ok
test model::policy::types::tests::hostname_source_sni_allows_when_cache_pins_claimed_name ... ok
test model::policy::types::tests::hostname_source_sni_denies_domain_suffix_without_cache_binding ... ok
test model::policy::types::tests::hostname_source_sni_denies_spoofed_claim_on_unrelated_ip ... ok
test model::policy::types::tests::hostname_source_sni_denies_when_cache_has_no_binding_for_ip ... ok
test model::policy::types::tests::hostname_source_sni_denies_when_claim_does_not_match_rule ... ok
test model::policy::types::tests::hostname_source_sni_domain_suffix_denies_sibling_cache_binding ... ok
test model::policy::types::tests::hostname_source_sni_matches_domain_suffix_with_cache_binding ... ok
test model::policy::types::tests::ingress_rule_does_not_fire_on_egress ... ok
test model::policy::types::tests::ipv4_and_ipv6_caches_are_independent ... ok
test model::policy::types::tests::matches_suffix_label_alignment_and_multibyte_hostnames ... ok
test model::policy::types::tests::multi_port_rule_matches_any_listed ... ok
test model::policy::types::tests::multi_protocol_rule_matches_any_listed ... ok
test model::policy::types::tests::profile_wire_names_are_stable ... ok
test model::policy::types::tests::profiles_are_deduplicated_and_expanded_in_canonical_order ... ok
test model::policy::types::tests::public_group_matches_complement_of_other_categories ... ok
test model::policy::types::tests::public_profile_denies_host_gateway ... ok
test model::policy::types::tests::serde_round_trip_uses_snake_case ... ok
test model::policy::types::tests::singular_domain_helpers_match_plural_one_element_form ... ok
test model::policy::types::tests::singular_domain_suffix_helper_chains ... ok
test model::policy::types::tests::suffix_rule_does_not_false_match_adjacent_domain ... ok
test model::policy::types::tests::suffix_rule_matches_apex_domain_itself ... ok
test model::policy::types::tests::suffix_rules_do_not_panic_on_multibyte_sni ... ok
test model::policy::types::tests::suffix_rules_match_resolved_hostnames ... ok
test model::policy::types::tests::suffix_rules_normalize_user_input ... ok
test model::policy::types::tests::udp_egress_consults_domain_cache ... ok
test model::policy::types::tests::unresolved_domain_rules_do_not_match_by_ip_alone ... ok
test engine::tcp::proxy::tests::strict_sni_denies_missing_wrong_unbound_and_sibling_names_before_dial ... ok

test result: ok. 88 passed; 0 failed; 0 ignored; 0 measured; 474 filtered out; finished in 0.10s

