    Blocking waiting for file lock on artifact directory
   Compiling microsandbox-network v0.7.2 (/workspace/third_party/microsandbox-network-0.7.2)
    Finished `test` profile [unoptimized + debuginfo] target(s) in 3m 30s
     Running unittests lib/lib.rs (target/debug/deps/microsandbox_network-7919e597e2243b01)

running 562 tests
test engine::addr::tests::normalize_ip_addr_keeps_native_ipv6 ... ok
test engine::addr::tests::normalize_ip_addr_unwraps_ipv4_mapped_ipv6 ... ok
test engine::addr::tests::normalize_ip_addr_keeps_ipv4 ... ok
test engine::dns::common::filter::tests::private_ipv4_allows_public_addresses ... ok
test engine::dns::common::filter::tests::private_ipv4_rejects_reserved_ranges ... ok
test engine::dns::common::filter::tests::private_ipv6_allows_ipv4_mapped_public_addresses ... ok
test engine::dns::common::filter::tests::private_ipv6_allows_public_addresses ... ok
test engine::dns::common::filter::tests::private_ipv6_rejects_ipv4_mapped_private_ranges ... ok
test engine::dns::common::filter::tests::private_ipv6_rejects_reserved_ranges ... ok
test engine::dns::common::ports::tests::from_tcp_encrypted_dns ... ok
test engine::dns::common::ports::tests::from_tcp_other ... ok
test engine::dns::common::ports::tests::from_tcp_plain_dns ... ok
test engine::dns::common::ports::tests::from_udp_alternative_dns ... ok
test engine::dns::common::ports::tests::from_udp_other ... ok
test engine::dns::common::ports::tests::from_udp_plain_dns ... ok
test engine::dns::forwarder::tests::build_status_response_noerror_variant_is_nodata ... ok
test engine::dns::forwarder::tests::build_status_response_nxdomain_variant ... ok
test engine::dns::forwarder::tests::build_status_response_preserves_header_and_question ... ok
test engine::dns::forwarder::tests::build_status_response_servfail_variant ... ok
test engine::dns::forwarder::tests::build_truncated_response_sets_tc_and_keeps_question ... ok
test engine::dns::forwarder::tests::decide_dns_action_allows_under_default_allow ... ok
test engine::dns::forwarder::tests::decide_dns_action_any_rule_grants_dns_when_protocol_and_port_match ... ok
test engine::dns::forwarder::tests::decide_dns_action_denies_under_deny_by_default ... ok
test engine::dns::forwarder::tests::decide_dns_action_domain_rule_denies_specific_name ... ok
test engine::dns::forwarder::tests::decide_dns_action_dot_uses_tcp_and_port_853 ... ok
test engine::dns::forwarder::tests::decide_dns_action_unparseable_name_takes_nameless_path ... ok
test engine::dns::forwarder::tests::decide_upstream_configured_when_dst_is_gateway_v4 ... ok
test engine::dns::forwarder::tests::decide_upstream_configured_when_dst_is_gateway_v6 ... ok
test engine::dns::forwarder::tests::decide_upstream_configured_when_dst_unknown ... ok
test engine::dns::forwarder::tests::decide_upstream_direct_when_dst_external_and_policy_allows ... ok
test engine::dns::forwarder::tests::decide_upstream_dot_configured_when_dst_is_gateway ... ok
test engine::dns::forwarder::tests::decide_upstream_dot_direct_targets_port_853 ... ok
test engine::dns::forwarder::tests::decide_upstream_dot_policy_denied_when_policy_denies_853 ... ok
test engine::dns::forwarder::tests::decide_upstream_policy_denied_when_policy_denies_all ... ok
test engine::dns::forwarder::tests::decide_upstream_policy_denied_when_policy_denies_resolver ... ok
test engine::dns::forwarder::tests::decide_upstream_uses_correct_transport_protocol ... ok
test engine::dns::forwarder::tests::edns_opt_round_trips_through_wire ... ok
test engine::dns::forwarder::tests::extract_addrs_and_ttl_follows_cname_chain ... ok
test engine::dns::forwarder::tests::extract_addrs_and_ttl_ignores_error_responses ... ok
test engine::dns::forwarder::tests::extract_addrs_and_ttl_ignores_unrelated_answers ... ok
test engine::dns::forwarder::tests::first_usable_upstream_answers_without_consulting_the_rest ... ok
test engine::dns::forwarder::tests::inactive_query_family_detects_missing_ipv4_gateway ... ok
test engine::dns::forwarder::tests::inactive_query_family_detects_missing_ipv6_gateway ... ok
test engine::dns::forwarder::tests::inactive_query_family_ignores_non_address_queries ... ok
test engine::dns::forwarder::tests::max_payload_defaults_to_512_without_opt ... ok
test engine::dns::forwarder::tests::platform_public_floor_denies_private_direct_resolver ... ok
test engine::dns::forwarder::tests::platform_public_floor_rejects_tenant_allowed_private_dns_answer ... ok
test engine::dns::forwarder::tests::proxy_domain_resolution_bypasses_guest_filters ... ok
test engine::dns::forwarder::tests::rebind_filter_allows_private_answers_for_private_profile ... ok
test engine::dns::forwarder::tests::rebind_filter_does_not_treat_explicit_any_as_private_intent ... ok
test engine::dns::forwarder::tests::rebind_filter_honors_ordered_deny_before_private_allow ... ok
test engine::dns::forwarder::tests::rebind_filter_rejects_private_answers_for_public_profile ... ok
test engine::dns::forwarder::tests::rebind_filter_rejects_unspecified_answers_for_public_profile ... ok
test engine::dns::forwarder::tests::rebind_filter_remains_enabled_for_allow_all_default ... ok
test engine::dns::forwarder::tests::single_question_rejects_multi_question_packets ... ok
test engine::dns::interceptor::tests::ipv6_udp_dns_packet_is_captured_with_local_address ... ok
test engine::dns::interceptor::tests::udp_socket_bind_accepts_ipv6_endpoint ... ok
test engine::dns::nameserver::tests::read_resolv_conf_missing_file_errs ... ok
test engine::dns::nameserver::tests::read_resolv_conf_parses_nameservers ... ok
test engine::dns::proxies::dot::tests::guest_eof_preserves_pending_response ... ok
test engine::dns::proxies::framing::tests::take_message_extracts_complete_frame ... ok
test engine::dns::proxies::framing::tests::take_message_extracts_pipelined_frames ... ok
test engine::dns::proxies::framing::tests::take_message_handles_zero_length_frame ... ok
test engine::dns::proxies::framing::tests::take_message_returns_none_on_empty ... ok
test engine::dns::proxies::framing::tests::take_message_returns_none_on_partial_body ... ok
test engine::dns::proxies::framing::tests::take_message_returns_none_on_partial_prefix ... ok
test engine::dns::proxies::udp::tests::injected_dns_response_counts_rx_bytes ... ok
test engine::dns::proxies::udp::tests::smoltcp_endpoint_to_std_preserves_port ... ok
test engine::dns::proxies::udp::tests::smoltcp_ip_to_std_v4_round_trip ... ok
test engine::dns::proxies::udp::tests::smoltcp_ip_to_std_v6_round_trip ... ok
test engine::icmp::error::tests::constructs_ipv4_fragmentation_needed_with_next_hop_mtu ... ok
test engine::icmp::error::tests::constructs_ipv6_packet_too_big_with_mtu ... ok
test engine::icmp::relay::tests::construct_icmpv4_reply_preserves_ident_and_seqno ... ok
test engine::icmp::relay::tests::construct_icmpv4_reply_roundtrips ... ok
test engine::icmp::relay::tests::construct_icmpv6_reply_preserves_ident_and_seqno ... ok
test engine::icmp::relay::tests::construct_icmpv6_reply_roundtrips ... ok
test engine::icmp::relay::tests::parse_icmpv4_reply_accepts_bare_icmp ... ok
test engine::icmp::relay::tests::parse_icmpv4_reply_accepts_ipv4_plus_icmp ... ok
test engine::icmp::relay::tests::parse_icmpv4_reply_accepts_macos_ping_socket_shape ... ok
test engine::icmp::relay::tests::parse_icmpv6_reply_accepts_bare_icmpv6 ... ok
test engine::icmp::relay::tests::parse_icmpv6_reply_accepts_ipv6_plus_icmpv6 ... ok
test engine::icmp::relay::tests::probe_does_not_panic ... ok
test engine::netstack::backend::tests::read_frame_drains_rx_wake_pipe ... ok
test engine::netstack::backend::tests::write_frame_drops_guest_frame_when_tx_ring_is_full ... ok
test engine::netstack::backend::tests::write_frame_enqueues_guest_frame_and_wakes_poll_loop ... ok
test engine::netstack::poll::tests::classify_arp_is_passthrough ... ok
test engine::netstack::poll::tests::classify_garbage_is_passthrough ... ok
test engine::netstack::poll::tests::classify_ipv4_udp_fragment ... ok
test engine::netstack::poll::tests::classify_ipv6_non_udp_fragment_is_unsupported ... ok
test engine::netstack::poll::tests::classify_ipv6_udp_fragment ... ok
test engine::netstack::poll::tests::classify_tcp_ack_is_passthrough ... ok
test engine::netstack::poll::tests::classify_tcp_syn ... ok
test engine::netstack::poll::tests::classify_udp_dns ... ok
test engine::netstack::poll::tests::classify_udp_non_dns ... ok
test engine::netstack::poll::tests::closed_slot_is_reused_under_pressure_but_pending_reset_is_sent_first ... ok
test engine::netstack::poll::tests::connection_pressure_preserves_time_wait_protection ... ok
test engine::netstack::poll::tests::external_icmp_echo_requests_are_not_answered_locally ... ok
test engine::netstack::poll::tests::full_connection_table_refuses_new_sockets ... ok
test engine::netstack::poll::tests::gateway_icmp_echo_respects_deny_policy ... ok
test engine::netstack::poll::tests::gateway_replies_to_icmp_echo_requests ... ok
test engine::netstack::poll::tests::guest_fin_before_proxy_spawn_is_handed_off ... ok
test engine::netstack::poll::tests::guest_fin_connection_is_reaped_after_proxy_exit ... ok
test engine::netstack::poll::tests::guest_fin_propagates_half_close_without_killing_the_connection ... ok
test engine::netstack::poll::tests::guest_rst_is_cleaned_up ... ok
test engine::netstack::poll::tests::outbound_proxy_is_preserved_for_external_destination ... ok
test engine::netstack::poll::tests::outbound_proxy_is_skipped_for_host_destination ... ok
test engine::netstack::poll::tests::platform_public_floor_consumes_gateway_echo_without_replying ... ok
test engine::netstack::poll::tests::reset_during_handshake_does_not_leave_an_idle_listener_at_capacity ... ok
test engine::netstack::poll::tests::resolve_host_dst_matches_ipv4 ... ok
test engine::netstack::poll::tests::resolve_host_dst_matches_ipv6 ... ok
test engine::netstack::poll::tests::resolve_host_dst_passes_through_non_gateway ... ok
test engine::netstack::poll::tests::resolve_host_dst_passes_through_when_family_absent ... ok
test engine::netstack::poll::tests::resolve_tcp_host_target_external_has_no_fallback ... ok
test engine::netstack::poll::tests::resolve_tcp_host_target_ipv4_can_fall_back_to_ipv6 ... ok
test engine::netstack::poll::tests::resolve_tcp_host_target_ipv6_can_fall_back_to_ipv4 ... ok
test engine::netstack::shared::tests::push_rx_frame_counts_only_successful_pushes ... ok
test engine::netstack::shared::tests::resolved_hostnames_are_isolated_per_family ... ok
test engine::netstack::shared::tests::resolved_hostnames_normalize_ipv4_mapped_ipv6 ... ok
test engine::netstack::shared::tests::shared_state_queue_full ... ok
test engine::netstack::shared::tests::shared_state_queue_push_pop ... ok
test engine::network::tests::build_rejects_invalid_rate_limiter ... ok
test engine::network::tests::captured_gateway_rejects_unusable_ethernet_addresses ... ok
test engine::network::tests::captured_gateway_survives_new_slots_without_sharing_backends ... ok
test engine::network::tests::custom_ipv4_pool_capacity_is_a_typed_error ... ok
test engine::network::tests::custom_ipv6_pool_capacity_is_a_typed_error ... ok
test engine::network::tests::deferred_activation_blocks_until_released ... ok
test engine::network::tests::deployment_profile_defaults_and_explicit_connection_limits ... ok
test engine::network::tests::deployment_profiles_resolve_udp_defaults_and_preserve_overrides ... ok
test engine::network::tests::derive_addresses_custom_ipv4_pool ... ok
test engine::network::tests::derive_addresses_custom_ipv6_pool ... ok
test engine::network::tests::derive_addresses_max_slot ... ok
test engine::network::tests::derive_addresses_slot_0 ... ok
test engine::network::tests::derive_addresses_slot_1 ... ok
test engine::network::tests::derive_ipv6_slot_0 ... ok
test engine::network::tests::explicit_ipv6_address_overrides_missing_host_v6_route ... ok
test engine::network::tests::format_mac_address ... ok
test engine::network::tests::guest_bootstrap_network_allows_no_active_address_family ... ok
test engine::network::tests::guest_bootstrap_network_preserves_active_address_families ... ok
test engine::network::tests::guest_env_vars_includes_ipv4_when_host_has_v4_route ... ok
test engine::network::tests::guest_env_vars_includes_ipv6_when_host_has_v6_route ... ok
test engine::network::tests::guest_env_vars_omit_ipv4_without_host_route ... ok
test engine::network::tests::guest_env_vars_omit_ipv6_without_host_route ... ok
test engine::network::tests::large_connection_cap_does_not_preallocate_or_prevent_startup ... ok
test engine::network::tests::multi_tenant_profile_sanitizes_host_owned_network_controls ... ok
test engine::network::tests::neither_family_active_emits_only_base_env_vars ... ok
test engine::network::tests::single_tenant_profile_preserves_requested_network_controls ... ok
test engine::policy::destination::tests::cidr_match ... ok
test engine::policy::destination::tests::cidr_match_uses_embedded_ipv4_for_ipv4_mapped_ipv6 ... ok
test engine::policy::destination::tests::classifier_covers_every_destination_group ... ok
test engine::policy::destination::tests::host_takes_precedence_over_static_groups ... ok
test engine::policy::destination::tests::ipv4_mapped_ipv6_uses_embedded_ipv4_group ... ok
test engine::policy::destination::tests::link_local ... ok
test engine::policy::destination::tests::loopback_v4 ... ok
test engine::policy::destination::tests::loopback_v6 ... ok
test engine::policy::destination::tests::metadata ... ok
test engine::policy::destination::tests::metadata_takes_precedence_over_link_local ... ok
test engine::policy::destination::tests::multicast ... ok
test engine::policy::destination::tests::private_v4 ... ok
test engine::policy::destination::tests::private_v6_ula ... ok
test engine::policy::destination::tests::public_excludes_other_categories ... ok
test engine::policy::destination::tests::public_v4_routable ... ok
test engine::policy::destination::tests::public_v6_routable ... ok
test engine::ports::publisher::tests::bind_exposure_keeps_loopback_distinct_from_lan_binds ... ok
test engine::ports::publisher::tests::full_host_channel_returns_guest_data_for_retry ... ok
test engine::ports::publisher::tests::inbound_relay_wakes_when_to_host_channel_slot_is_freed ... ok
test engine::ports::publisher::tests::inject_udp_datagram_to_guest_counts_rx_bytes ... ok
test engine::ports::publisher::tests::queue_inbound_connection_wakes_poll_loop ... ok
test engine::ports::publisher::tests::relay_udp_outbound_ignores_inactive_peer ... ok
test engine::ports::publisher::tests::relay_udp_outbound_queues_reply_for_active_peer ... ok
test engine::ports::publisher::tests::resolve_udp_guest_peer_returns_none_when_ephemeral_ports_exhausted ... ok
test engine::secrets::config::tests::host_scoped_detects_non_any_pattern ... ok
test engine::secrets::config::tests::plain_http_candidates_require_tls_opt_out ... ok
test engine::secrets::handle::tests::remove_drops_entry_and_is_idempotent ... ok
test engine::secrets::handle::tests::rotate_swaps_value_for_future_loads ... ok
test engine::secrets::handle::tests::rotate_unknown_secret_is_an_error ... ok
test engine::secrets::handle::tests::set_allowed_hosts_rejects_empty_list ... ok
test engine::secrets::handle::tests::set_allowed_hosts_replaces_patterns ... ok
test engine::secrets::handler::tests::allowed_placeholder_substitutes_when_another_secret_is_ineligible ... ok
test engine::secrets::handler::tests::any_host_bypasses_dns_pin_for_tls_intercepted_secret ... ok
test engine::secrets::handler::tests::any_host_passthrough_forwards_disallowed_placeholder_unchanged ... ok
test engine::secrets::handler::tests::basic_auth_decodes_substitutes_and_reencodes_credentials ... ok
test engine::secrets::handler::tests::basic_auth_encoded_placeholder_is_blocked_for_wrong_host ... ok
test engine::secrets::handler::tests::basic_auth_encoded_placeholder_is_not_replaced_when_scope_disabled ... ok
test engine::secrets::handler::tests::basic_auth_placeholder_in_chunked_trailer_is_blocked ... ok
test engine::secrets::handler::tests::body_in_separate_chunk_preserves_non_utf8_bytes ... ok
test engine::secrets::handler::tests::body_injection_blocks_content_encoded_placeholder ... ok
test engine::secrets::handler::tests::body_injection_blocks_content_length_over_buffer_limit ... ok
test engine::secrets::handler::tests::body_injection_blocks_split_content_encoded_placeholder ... ok
test engine::secrets::handler::tests::body_injection_buffers_until_content_length_complete ... ok
test engine::secrets::handler::tests::body_injection_no_content_length_header ... ok
test engine::secrets::handler::tests::body_injection_preserves_non_utf8_bytes ... ok
test engine::secrets::handler::tests::body_injection_updates_content_length ... ok
test engine::secrets::handler::tests::body_injection_when_enabled ... ok
test engine::secrets::handler::tests::body_split_across_two_chunks_round_trips ... ok
test engine::secrets::handler::tests::chunked_body_injection_blocks_content_encoded_placeholder ... ok
test engine::secrets::handler::tests::chunked_body_injection_preserves_trailers_and_recurses_to_next_request ... ok
test engine::secrets::handler::tests::chunked_body_injection_rewrites_placeholder_split_across_tls_reads ... ok
test engine::secrets::handler::tests::chunked_body_injection_rewrites_split_placeholder_across_chunks ... ok
test engine::secrets::handler::tests::chunked_body_internal_terminator_bytes_do_not_end_request ... ok
test engine::secrets::handler::tests::chunked_detection_does_not_join_distinct_protocol_locations ... ok
test engine::secrets::handler::tests::chunked_passthrough_allows_split_metadata_placeholders ... ok
test engine::secrets::handler::tests::chunked_rewrite_substitutes_body_and_preserves_passthrough_trailer ... ok
test engine::secrets::handler::tests::chunked_trailer_violation_keeps_original_request_context ... ok
test engine::secrets::handler::tests::conflicting_content_lengths_are_blocked ... ok
test engine::secrets::handler::tests::connect_tls_intercepted_http2_authority_must_match_sni ... ok
test engine::secrets::handler::tests::connect_tls_intercepted_http_host_must_match_sni ... ok
test engine::secrets::handler::tests::disabled_body_substitution_blocks_placeholder_on_allowed_host ... ok
test engine::secrets::handler::tests::eligible_secret_preserves_binary_body_without_placeholder ... ok
test engine::secrets::handler::tests::eligible_secret_preserves_binary_chunk_without_placeholder ... ok
test engine::secrets::handler::tests::exact_host_requires_dns_pin_for_tls_intercepted_secret ... ok
test engine::secrets::handler::tests::framing_state_resets_after_request_completes ... ok
test engine::secrets::handler::tests::global_block_and_terminate_marks_violation_as_terminating ... ok
test engine::secrets::handler::tests::header_injection_does_not_substitute_request_line_query ... ok
test engine::secrets::handler::tests::header_only_secret_blocks_placeholder_in_body_continuation_chunk ... ok
test engine::secrets::handler::tests::header_only_substitution_preserves_content_length ... ok
test engine::secrets::handler::tests::host_alias_matches_gateway_without_dns_pin ... ok
test engine::secrets::handler::tests::invalid_content_length_is_blocked ... ok
test engine::secrets::handler::tests::json_escaped_contains_basic ... ok
test engine::secrets::handler::tests::json_escaped_placeholder_in_body_blocks_for_wrong_host ... ok
test engine::secrets::handler::tests::new_plain_http_blocks_require_tls_identity_secrets ... ok
test engine::secrets::handler::tests::new_plain_http_invalid_host_blocks_any_secret_when_mixed ... ok
test engine::secrets::handler::tests::new_plain_http_invalid_host_blocks_host_bound_secret ... ok
test engine::secrets::handler::tests::new_plain_http_invalid_host_substitutes_when_all_secrets_any ... ok
test engine::secrets::handler::tests::new_plain_http_substitutes_when_tls_identity_not_required ... ok
test engine::secrets::handler::tests::no_secrets_passthrough ... ok
test engine::secrets::handler::tests::no_substitute_for_wrong_host ... ok
test engine::secrets::handler::tests::oversized_secret_placeholder_is_rejected ... ok
test engine::secrets::handler::tests::passthrough_allows_disabled_body_location_on_allowed_host ... ok
test engine::secrets::handler::tests::passthrough_blocks_for_non_matching_host ... ok
test engine::secrets::handler::tests::passthrough_host_does_not_allow_other_disallowed_placeholders ... ok
test engine::secrets::handler::tests::passthrough_host_forwards_placeholder_unchanged ... ok
test engine::secrets::handler::tests::passthrough_only_connection_has_no_handler_work ... ok
test engine::secrets::handler::tests::per_secret_block_and_terminate_marks_violation_as_terminating ... ok
test engine::secrets::handler::tests::per_secret_passthrough_blocks_for_non_matching_host ... ok
test engine::secrets::handler::tests::per_secret_passthrough_host_forwards_placeholder_unchanged ... ok
test engine::secrets::handler::tests::pipelined_get_without_content_length_recurses_into_next_request ... ok
test engine::secrets::handler::tests::pipelined_request_in_body_continuation_chunk_is_substituted ... ok
test engine::secrets::handler::tests::pipelined_request_in_same_chunk_as_headers_is_substituted ... ok
test engine::secrets::handler::tests::pipelined_spillover_without_substitution_stays_zero_copy ... ok
test engine::secrets::handler::tests::placeholder_split_across_writes_blocks_for_wrong_host ... ok
test engine::secrets::handler::tests::plain_http_policy_keeps_passthrough_identity_across_host_switch ... ok
test engine::secrets::handler::tests::plain_http_policy_keeps_secret_identity_across_allowed_host_switch ... ok
test engine::secrets::handler::tests::plain_http_policy_keeps_secret_identity_for_http2_authority ... ok
test engine::secrets::handler::tests::plain_http_policy_preserves_host_agnostic_secret_switches ... ok
test engine::secrets::handler::tests::plain_http_policy_preserves_secret_free_host_switches ... ok
test engine::secrets::handler::tests::query_params_do_not_substitute_path ... ok
test engine::secrets::handler::tests::query_params_substitution ... ok
test engine::secrets::handler::tests::require_tls_identity_blocks_on_non_intercepted ... ok
test engine::secrets::handler::tests::same_placeholder_substitutes_when_duplicate_secret_is_ineligible ... ok
test engine::secrets::handler::tests::split_chunk_extension_blocks_during_body_rewrite ... ok
test engine::secrets::handler::tests::split_chunk_extension_blocks_for_wrong_host ... ok
test engine::secrets::handler::tests::split_chunked_body_payload_blocks_for_wrong_host ... ok
test engine::secrets::handler::tests::split_chunked_terminator_resumes_next_request ... ok
test engine::secrets::handler::tests::split_chunked_trailer_blocks_for_wrong_host ... ok
test engine::secrets::handler::tests::split_chunked_trailer_blocks_when_header_substitution_is_enabled ... ok
test engine::secrets::handler::tests::split_headers_do_not_leak_header_secret_into_body ... ok
test engine::secrets::handler::tests::split_http1_post_is_not_misclassified_as_http2_preface ... ok
test engine::secrets::handler::tests::split_json_escaped_placeholder_blocks_for_wrong_host ... ok
test engine::secrets::handler::tests::split_url_encoded_placeholder_blocks_for_wrong_host ... ok
test engine::secrets::handler::tests::substitute_in_headers ... ok
test engine::secrets::handler::tests::substitution_resumes_after_chunked_request_body_terminator ... ok
test engine::secrets::handler::tests::three_pipelined_requests_in_one_chunk_all_substitute ... ok
test engine::secrets::handler::tests::tls_intercepted_http2_authority_must_match_sni ... ok
test engine::secrets::handler::tests::tls_intercepted_http2_body_placeholder_blocks_until_body_rewrite_exists ... ok
test engine::secrets::handler::tests::tls_intercepted_http2_body_placeholder_split_across_data_frames_blocks ... ok
test engine::secrets::handler::tests::tls_intercepted_http2_closed_streams_release_tracking_state ... ok
test engine::secrets::handler::tests::tls_intercepted_http2_data_before_headers_is_blocked ... ok
test engine::secrets::handler::tests::tls_intercepted_http2_data_tails_are_tracked_per_stream ... ok
test engine::secrets::handler::tests::tls_intercepted_http2_decoded_header_list_size_is_bounded ... ok
test engine::secrets::handler::tests::tls_intercepted_http2_large_data_frame_without_placeholder_passes ... ok
test engine::secrets::handler::tests::tls_intercepted_http2_limits_concurrent_open_streams ... ok
test engine::secrets::handler::tests::tls_intercepted_http2_preface_can_span_tls_reads ... ok
test engine::secrets::handler::tests::tls_intercepted_http2_split_header_block_is_validated ... ok
test engine::secrets::handler::tests::tls_intercepted_http2_substitutes_header_secret ... ok
test engine::secrets::handler::tests::tls_intercepted_http2_substitutes_query_and_basic_auth ... ok
test engine::secrets::handler::tests::tls_intercepted_http_absolute_target_allows_matching_sni ... ok
test engine::secrets::handler::tests::tls_intercepted_http_absolute_target_must_match_sni ... ok
test engine::secrets::handler::tests::tls_intercepted_http_blocks_malformed_request_line ... ok
test engine::secrets::handler::tests::tls_intercepted_http_duplicate_host_is_blocked ... ok
test engine::secrets::handler::tests::tls_intercepted_http_host_must_match_sni ... ok
test engine::secrets::handler::tests::tls_intercepted_http_host_validation_blocks_leading_empty_request ... ok
test engine::secrets::handler::tests::tls_intercepted_http_host_validation_buffers_split_headers ... ok
test engine::secrets::handler::tests::tls_intercepted_http_host_validation_buffers_split_leading_empty_request ... ok
test engine::secrets::handler::tests::tls_intercepted_http_host_validation_survives_leading_empty_block ... ok
test engine::secrets::handler::tests::transfer_encoding_with_content_length_is_blocked ... ok
test engine::secrets::handler::tests::unsupported_transfer_encoding_chain_is_blocked ... ok
test engine::secrets::handler::tests::url_decoded_contains_basic ... ok
test engine::secrets::handler::tests::url_encoded_placeholder_in_body_blocks_for_wrong_host ... ok
test engine::secrets::handler::tests::url_encoded_placeholder_in_query_blocks_for_wrong_host ... ok
test engine::secrets::handler::tests::violation_detected_in_body_continuation_chunk ... ok
test engine::secrets::handler::tests::violation_in_pipelined_next_request_basic_auth_is_detected ... ok
test engine::secrets::handler::tests::violation_report_classifies_percent_decoded_query_match ... ok
test engine::secrets::handler::tests::violation_report_includes_secret_and_basic_auth_context ... ok
test engine::tcp::connection::tests::omitted_limit_tracks_more_than_the_previous_default ... ok
test engine::tcp::proxy::tests::buffer_connect_request_reads_split_headers ... ok
test engine::tcp::proxy::tests::connect_response_success_requires_exact_2xx_status_code ... ok
test engine::tcp::proxy::tests::connect_upstream_dials_target_directly_without_outbound_proxy ... ok
test engine::tcp::proxy::tests::could_be_connect_request_matches_split_prefixes_only ... ok
test engine::tcp::proxy::tests::early_http_connect_dials_proxy_through_configured_socks5_proxy ... ok
test engine::tcp::proxy::tests::extract_http_host_basic ... ok
test engine::tcp::proxy::tests::extract_http_host_case_insensitive_lowercased ... ok
test engine::tcp::proxy::tests::extract_http_host_incomplete_headers ... ok
test engine::tcp::proxy::tests::extract_http_host_no_host_header ... ok
test engine::tcp::proxy::tests::extract_http_host_strips_port ... ok
test engine::tcp::proxy::tests::extract_http_host_tls_first_byte ... ok
test engine::tcp::proxy::tests::extract_http_host_with_many_headers ... ok
test engine::tcp::proxy::tests::integration_non_tls_falls_back_to_cache ... ok
test engine::tcp::proxy::tests::integration_sni_denies_domain_suffix_without_cache_binding ... ok
test engine::tcp::proxy::tests::integration_sni_matches_domain_suffix_with_cache_binding ... ok
test engine::tcp::proxy::tests::integration_sni_overrides_cache_for_over_allow ... ok
test engine::tcp::proxy::tests::integration_sni_overrides_cache_for_over_block ... ok
test engine::tcp::proxy::tests::parse_connect_request_preserves_post_header_tls_seed ... ok
test engine::tcp::proxy::tests::parse_connect_target_requires_authority_port ... ok
test engine::tcp::proxy::tests::peek_for_sni_bails_immediately_on_non_tls_first_byte ... ok
test engine::tcp::proxy::tests::peek_for_sni_caps_at_max_bytes ... ok
test engine::tcp::proxy::tests::peek_for_sni_extracts_and_canonicalizes ... ok
test engine::dns::forwarder::tests::configured_upstream_falls_over_to_the_next_on_timeout ... ok
test engine::tcp::proxy::tests::peek_for_sni_returns_none_on_channel_close_without_data ... ok
test engine::tcp::proxy::tests::peek_for_sni_returns_none_on_non_tls_data ... ok
test engine::tcp::proxy::tests::plain_http_domain_policy_allows_matching_host ... ok
test engine::tcp::proxy::tests::plain_http_domain_policy_blocks_host_switch ... ok
test engine::tcp::proxy::tests::plain_http_domain_policy_blocks_keep_alive_host_switch ... ok
test engine::tcp::proxy::tests::plain_http_large_body_forwarded_verbatim_in_relay_loop ... ok
test engine::tcp::proxy::tests::plain_http_no_substitution_when_require_tls_identity_true ... ok
test engine::tcp::proxy::tests::plain_http_passthrough_handles_a_host_in_split_headers ... ok
test engine::tcp::proxy::tests::plain_http_substitutes_placeholder_in_first_flight ... ok
test engine::tcp::proxy::tests::plain_http_substitutes_placeholder_when_host_arrives_in_second_segment ... ok
test engine::tcp::proxy::tests::sanitize_connect_headers_blocks_placeholder_in_request_line ... ok
test engine::tcp::proxy::tests::sanitize_connect_headers_blocks_placeholder_metadata_header_by_default ... ok
test engine::tcp::proxy::tests::sanitize_connect_headers_keeps_safe_metadata_headers ... ok
test engine::tcp::proxy::tests::sanitize_connect_headers_respects_block_and_terminate ... ok
test engine::tcp::proxy::tests::sanitize_connect_headers_respects_explicit_passthrough ... ok
test engine::tcp::proxy::tests::strict_hostname_allow_blocks_sni_authority_before_tcp_dial ... ok
test engine::tcp::proxy::tests::strict_hostname_allow_blocks_tls_without_sni_before_tcp_dial ... ok
test engine::tcp::proxy::tests::strict_hostname_allow_leaves_plain_http_for_authority_validation ... ok
test engine::tcp::proxy::tests::strict_mode_blocks_hostname_allowed_opaque_tls ... ok
test engine::tcp::proxy::tests::strict_mode_leaves_default_allowed_opaque_tls_to_policy ... ok
test engine::tcp::proxy::tests::peek_for_sni_falls_back_on_timeout ... ok
test engine::tcp::proxy::tests::strict_sni_end_to_end_tls_reaches_allowed_server_without_interception ... ok
test engine::tcp::upstream::tests::connect_falls_back_from_ipv6_to_ipv4_loopback ... ok
test engine::tls::certgen::tests::domain_cert_params_are_backdated_to_absorb_clock_skew ... ok
test engine::tls::certgen::tests::domain_cert_params_reject_invalid_san ... ok
test engine::tls::host_cas::tests::collect_host_cas_returns_parseable_bundle ... ok
test engine::tls::sni::tests::extract_sni_from_client_hello ... ok
test engine::tls::sni::tests::extract_sni_long_hostname ... ok
test engine::tls::sni::tests::extract_sni_returns_none_for_fragmented_client_hello_prefixes ... ok
test engine::tls::sni::tests::extract_sni_returns_none_for_garbage ... ok
test engine::tls::sni::tests::extract_sni_returns_none_for_short_client_hello_record ... ok
test engine::tls::state::tests::default_ca_dir_uses_microsandbox_home_tls_subdir ... ok
test engine::tls::state::tests::domain_patterns_match_exact_and_wildcard_hosts ... ok
test engine::tls::state::tests::domain_patterns_score_exact_as_more_specific ... ok
test engine::tcp::proxy::tests::strict_sni_denies_missing_wrong_unbound_and_sibling_names_before_dial ... ok
test engine::tls::state::tests::invalid_domain_cert_request_does_not_poison_cache ... ok
test engine::tls::state::tests::load_upstream_ca_certificates_keeps_certs_and_skips_other_sections ... ok
test engine::tls::state::tests::scoped_upstream_settings_group_ca_and_verify_by_pattern ... ok
test engine::tls::state::tests::tls_state_rejects_incomplete_intercept_ca_config ... ok
test engine::tls::state::tests::tls_state_rejects_invalid_intercept_ca_pair ... ok
test engine::tls::state::tests::regenerates_cached_domain_cert_when_near_expiry ... ok
test engine::tls::state::tests::upstream_connector_for_selects_scoped_connector_for_matching_host ... ok
test engine::udp::fragments::tests::cleanup_expires_sets_by_absolute_lifetime ... ok
test engine::udp::fragments::tests::reassembles_ipv6_udp_fragment_after_hop_by_hop_header ... ok
test engine::udp::fragments::tests::reassembles_two_ipv4_udp_fragments ... ok
test engine::udp::fragments::tests::reassembles_two_ipv6_udp_fragments ... ok
test engine::udp::fragments::tests::rejects_ipv6_fragment_reserved_bits ... ok
test engine::udp::fragments::tests::rejects_overlapping_fragments ... ok
test engine::udp::fragments::tests::rejects_overlapping_ipv6_fragments ... ok
test engine::udp::fragments::tests::waits_for_missing_middle_fragment ... ok
test engine::udp::relay::tests::configured_session_limit_evicts_oldest_and_can_be_unlimited ... ok
test engine::udp::relay::tests::construct_v4_response_frames_fragment_large_payload_to_mtu ... ok
test engine::udp::relay::tests::construct_v4_response_has_correct_structure ... ok
test engine::udp::relay::tests::construct_v4_response_rejects_payload_over_ipv4_limit ... ok
test engine::udp::relay::tests::construct_v6_response_frames_fragment_large_payload_to_mtu ... ok
test engine::udp::relay::tests::construct_v6_response_has_correct_structure ... ok
test engine::udp::relay::tests::extract_payload_from_v4_udp_frame ... ok
test engine::udp::relay::tests::extract_payload_from_v6_udp_frame ... ok
test engine::udp::relay::tests::packet_too_big_mtu_validation_rejects_unusable_ipv6_values ... ok
test engine::udp::relay::tests::parses_linux_extended_error_control_message_without_pointer_walk ... ok
test engine::udp::relay::tests::pmtu_context_prefers_packet_larger_than_reported_mtu ... ok
test model::config::builder::tests::deprecated_tcp_builder_delegates_to_the_new_name ... ok
test model::config::builder::tests::network_builder_happy_path_returns_config ... ok
test model::config::builder::tests::network_builder_preserves_explicit_large_caps ... ok
test model::config::builder::tests::network_builder_rejects_incomplete_intercept_ca_config ... ok
test model::config::builder::tests::network_builder_rejects_invalid_secret_config ... ok
test model::config::builder::tests::network_builder_sets_global_violation_action ... ok
test model::config::builder::tests::network_builder_sets_strict_mode ... ok
test model::config::builder::tests::network_rate_limiter_builder_rejects_missing_directions ... ok
test model::config::builder::tests::outbound_proxy_defaults_to_none ... ok
test model::config::builder::tests::port_bind_sets_host_bind ... ok
test model::config::builder::tests::port_helpers_default_to_loopback ... ok
test model::config::builder::tests::rate_limiter_builder_rejects_burst_without_bucket ... ok
test model::config::builder::tests::rate_limiter_builder_rejects_empty_limiter ... ok
test model::config::builder::tests::rate_limiter_builder_rejects_refill_interval_overflow ... ok
test model::config::builder::tests::rate_limiter_builder_rejects_zero_size_and_unrepresentable_refill ... ok
test model::config::builder::tests::rate_limiter_builder_sets_buckets_and_bursts ... ok
test model::config::builder::tests::rate_limiters_default_to_unlimited ... ok
test model::config::builder::tests::secret_builder_rejects_empty_allowed_hosts - should panic ... ok
test model::config::builder::tests::secret_builder_rejects_both_value_and_source - should panic ... ok
test model::config::builder::tests::secret_builder_sets_passthrough_and_violation_policies ... ok
test model::config::builder::tests::secret_builder_source_yields_reference_and_empty_value ... ok
test model::config::resolver::tests::network_resolution_reads_authenticated_proxy_credentials ... ok
test model::config::builder::tests::strict_sni_is_explicit_and_survives_config_roundtrip ... ok
test model::config::types::connection_limit_tests::older_readers_retain_persisted_tcp_caps ... ok
test model::config::types::connection_limit_tests::tcp_aliases_are_exclusive_and_udp_is_independent ... ok
test model::config::types::connection_limit_tests::wire_limits_normalize_zero_and_preserve_positive_caps ... ok
test model::config::types::connection_limit_tests::wire_connection_limits_preserve_default_and_unlimited_through_spec ... ok
test model::config::types::tests::config_without_rate_limiter_fields_stays_unlimited ... ok
test model::config::types::connection_limit_tests::wire_udp_connection_limits_preserve_default_and_unlimited_through_spec ... ok
test model::config::types::tests::engine_network_subdocs_round_trip_through_wire_types ... ok
test model::config::types::tests::outbound_proxy_omitted_when_unset ... ok
test model::config::types::tests::outbound_proxy_round_trips_through_wire_network_spec ... ok
test model::config::types::tests::port_protocol_serializes_lowercase_and_accepts_legacy_case ... ok
test model::config::types::tests::rate_limiters_survive_the_wire_spec_round_trip ... ok
test model::config::types::tests::socks4_proxy_user_id_round_trips_through_wire_network_spec ... ok
test model::dns::nameserver::parse::tests::display_feeds_back_into_parse ... ok
test model::dns::nameserver::parse::tests::display_roundtrip ... ok
test model::dns::nameserver::parse::tests::parses_hostname_bare ... ok
test model::dns::nameserver::parse::tests::parses_hostname_with_port ... ok
test model::dns::nameserver::parse::tests::parses_ipv4_bare ... ok
test model::dns::nameserver::parse::tests::parses_ipv4_with_port ... ok
test model::dns::nameserver::parse::tests::parses_ipv6_bare ... ok
test model::dns::nameserver::parse::tests::parses_ipv6_bracketed_with_port ... ok
test model::dns::nameserver::parse::tests::rejects_bad_port ... ok
test model::dns::nameserver::parse::tests::rejects_embedded_whitespace ... ok
test model::dns::nameserver::parse::tests::rejects_empty ... ok
test model::dns::nameserver::parse::tests::trims_whitespace ... ok
test model::policy::builder::tests::allow_domains_produces_allow_rules ... ok
test model::policy::builder::tests::allow_local_expands_to_three_groups ... ok
test model::policy::builder::tests::chain_form_compiles_without_explicit_return ... ok
test model::policy::builder::tests::defaults_set_and_override ... ok
test model::policy::builder::tests::deny_domain_suffixes_produces_one_rule_per_suffix ... ok
test model::policy::builder::tests::deny_domains_empty_input_is_noop ... ok
test model::policy::builder::tests::deny_domains_inherits_protocol_and_port_filter ... ok
test model::policy::builder::tests::deny_domains_invalid_input_surfaces_at_build ... ok
test model::policy::builder::tests::deny_domains_produces_one_rule_per_name ... ok
test model::policy::builder::tests::direction_cover_relations ... ok
test model::policy::builder::tests::domain_parses_to_canonical_form ... ok
test model::policy::builder::tests::duplicate_protocols_dedupe ... ok
test model::policy::builder::tests::egress_closure_commits_one_rule_per_shortcut ... ok
test model::policy::builder::tests::empty_builder_yields_asymmetric_default ... ok
test model::policy::builder::tests::explicit_group_uses_typed_argument ... ok
test model::policy::builder::tests::explicit_ip_parses_at_build ... ok
test model::policy::builder::tests::icmp_in_any_direction_rejected_at_build ... ok
test model::policy::builder::tests::icmp_in_ingress_rejected_at_build ... ok
test model::policy::builder::tests::invalid_ip_surfaces_at_build ... ok
test model::policy::builder::tests::invalid_port_range_surfaces_at_build ... ok
test model::policy::builder::tests::missing_direction_surfaces_at_build ... ok
test model::policy::builder::tests::shadowed_rule_builds_and_is_detected ... ok
test model::policy::name::tests::accepts_underscore_labels ... ok
test model::policy::name::tests::canonical_form_is_idempotent ... ok
test model::policy::name::tests::canonicalizes_case_and_trailing_dot ... ok
test model::policy::name::tests::parses_plain_lowercase_name ... ok
test model::policy::name::tests::rejects_empty_input ... ok
test model::policy::name::tests::rejects_url_decorations ... ok
test model::policy::name::tests::rejects_whitespace_in_labels ... ok
test model::policy::name::tests::serde_deserialize_validates ... ok
test model::policy::name::tests::serde_round_trip_preserves_canonical_form ... ok
test model::policy::name::tests::strips_leading_dot_for_suffix_ergonomics ... ok
test model::policy::name::tests::try_into_suffix_accepts_multilabel_names ... ok
test model::policy::name::tests::try_into_suffix_rejects_single_label_tlds ... ok
test model::policy::types::tests::allow_all_policy_permits_host_gateway ... ok
test model::policy::types::tests::allow_domains_and_deny_domains_chain ... ok
test model::policy::types::tests::allow_rule_before_deny_wins_on_shared_ip ... ok
test model::policy::types::tests::any_direction_rule_matches_egress_and_ingress ... ok
test model::policy::types::tests::cache_only_source_matches_evaluate_egress_wrapper ... ok
test model::policy::types::tests::default_deny_allows_multiple_domain_rules_after_dns ... ok
test model::policy::types::tests::default_ingress_allows_unfiltered_with_no_rules ... ok
test model::policy::types::tests::default_policy_is_the_public_profile ... ok
test model::policy::types::tests::deferred_allow_domain_ipv4_mapped_requires_cache_binding ... ok
test model::policy::types::tests::defer_through_action_conversion_debug_panics - should panic ... ok
test model::policy::types::tests::deferred_allow_domain_ipv6_requires_cache_binding ... ok
test model::policy::types::tests::deferred_allow_domain_suffix_requires_cache_binding ... ok
test model::policy::types::tests::deferred_allow_domain_with_cache_binding_defers ... ok
test model::policy::types::tests::deferred_allow_domain_without_cache_binding_falls_to_default ... ok
test model::policy::types::tests::deferred_deny_domain_with_default_allow_still_defers ... ok
test model::policy::types::tests::deferred_deny_domain_with_later_ip_allow_defers ... ok
test model::policy::types::tests::deferred_deny_domain_with_later_ip_deny_does_not_defer ... ok
test model::policy::types::tests::deferred_deny_domain_without_tail_allow_falls_to_default_deny ... ok
test model::policy::types::tests::deferred_returns_allow_for_earlier_matching_cidr_allow ... ok
test model::policy::types::tests::deferred_returns_deny_for_earlier_matching_cidr_deny ... ok
test model::policy::types::tests::deferred_skips_domain_rule_pruned_by_protocol_or_port_filter ... ok
test model::policy::types::tests::deny_dns_is_the_exact_action_inverse_of_allow_dns ... ok
test model::policy::types::tests::deny_domain_suffixes_prepends_suffix_rules ... ok
test model::policy::types::tests::deny_domains_empty_input_is_noop ... ok
test model::policy::types::tests::deny_domains_invalid_input_returns_error ... ok
test model::policy::types::tests::deny_domains_outranks_existing_allow_public ... ok
test model::policy::types::tests::deny_domains_prepends_one_rule_per_name ... ok
test model::policy::types::tests::deny_rule_sni_matches_domain_suffix_without_cache_binding ... ok
test model::policy::types::tests::deny_rule_sni_matches_exact_domain_with_cache_binding ... ok
test model::policy::types::tests::deny_rule_sni_matches_exact_domain_without_cache_binding ... ok
test model::policy::types::tests::deserialized_policies_normalize_domain_values ... ok
test model::policy::types::tests::domain_rule_does_not_match_other_cached_hostnames ... ok
test model::policy::types::tests::empty_profile_set_has_no_implicit_dns_or_egress ... ok
test model::policy::types::tests::evaluate_dns_query_allows_broad_udp_rule ... ok
test model::policy::types::tests::evaluate_dns_query_any_direction_rule_applies ... ok
test model::policy::types::tests::evaluate_dns_query_does_not_match_disjoint_suffix ... ok
test model::policy::types::tests::evaluate_dns_query_domain_rules_ignore_port_and_protocol_filters ... ok
test model::policy::types::tests::evaluate_dns_query_first_match_wins_when_allow_precedes_deny ... ok
test model::policy::types::tests::evaluate_dns_query_group_host_grants_dns_under_deny_by_default ... ok
test model::policy::types::tests::evaluate_dns_query_group_host_respects_protocol_port_filter ... ok
test model::policy::types::tests::evaluate_dns_query_matches_any_but_not_ip_destinations ... ok
test model::policy::types::tests::evaluate_dns_query_matches_exact_domain ... ok
test model::policy::types::tests::evaluate_dns_query_matches_suffix_apex_and_subdomain ... ok
test model::policy::types::tests::evaluate_dns_query_skips_ingress_only_rules ... ok
test model::policy::types::tests::evaluate_dns_query_uses_default_egress ... ok
test model::policy::types::tests::evaluate_dns_query_without_name_uses_any_rules_and_default ... ok
test model::policy::types::tests::exact_domain_rules_match_resolved_hostnames ... ok
test model::policy::types::tests::exact_domain_rules_match_resolved_hostnames_for_icmp ... ok
test model::policy::types::tests::exact_domain_rules_normalize_user_input ... ok
test model::policy::types::tests::group_host_allow_overrides_private_deny_when_ordered_first ... ok
test model::policy::types::tests::group_host_does_not_match_other_ips ... ok
test model::policy::types::tests::group_host_matches_gateway_v4 ... ok
test model::policy::types::tests::group_host_matches_gateway_v6 ... ok
test model::policy::types::tests::hostname_allow_detection_ignores_address_allow ... ok
test model::policy::types::tests::hostname_allow_detection_ignores_default_allow ... ok
test model::policy::types::tests::hostname_allow_detection_tracks_matching_domain_allow ... ok
test model::policy::types::tests::hostname_source_sni_allows_when_cache_pins_claimed_name ... ok
test model::policy::types::tests::hostname_source_sni_denies_domain_suffix_without_cache_binding ... ok
test model::policy::types::tests::hostname_source_sni_denies_spoofed_claim_on_unrelated_ip ... ok
test model::policy::types::tests::hostname_source_sni_denies_when_cache_has_no_binding_for_ip ... ok
test model::policy::types::tests::hostname_source_sni_denies_when_claim_does_not_match_rule ... ok
test model::policy::types::tests::hostname_source_sni_domain_suffix_denies_sibling_cache_binding ... ok
test model::policy::types::tests::hostname_source_sni_matches_domain_suffix_with_cache_binding ... ok
test model::policy::types::tests::ingress_rule_does_not_fire_on_egress ... ok
test model::policy::types::tests::ipv4_and_ipv6_caches_are_independent ... ok
test model::policy::types::tests::matches_suffix_label_alignment_and_multibyte_hostnames ... ok
test model::policy::types::tests::multi_port_rule_matches_any_listed ... ok
test model::policy::types::tests::multi_protocol_rule_matches_any_listed ... ok
test model::policy::types::tests::profile_wire_names_are_stable ... ok
test model::policy::types::tests::profiles_are_deduplicated_and_expanded_in_canonical_order ... ok
test model::policy::types::tests::public_group_matches_complement_of_other_categories ... ok
test model::policy::types::tests::public_profile_denies_host_gateway ... ok
test model::policy::types::tests::serde_round_trip_uses_snake_case ... ok
test model::policy::types::tests::singular_domain_helpers_match_plural_one_element_form ... ok
test model::policy::types::tests::singular_domain_suffix_helper_chains ... ok
test model::policy::types::tests::suffix_rule_does_not_false_match_adjacent_domain ... ok
test model::policy::types::tests::suffix_rule_matches_apex_domain_itself ... ok
test model::policy::types::tests::suffix_rules_do_not_panic_on_multibyte_sni ... ok
test model::policy::types::tests::suffix_rules_match_resolved_hostnames ... ok
test model::policy::types::tests::suffix_rules_normalize_user_input ... ok
test model::policy::types::tests::udp_egress_consults_domain_cache ... ok
test model::policy::types::tests::unresolved_domain_rules_do_not_match_by_ip_alone ... ok
test proxy::socks::tests::builder_creates_socks4_proxy_with_optional_user_id ... ok
test proxy::socks::tests::associates_and_relays_socks5_udp ... ok
test proxy::socks::tests::builder_creates_socks5_proxy ... ok
test proxy::socks::tests::builder_creates_socks5_proxy_with_password_source ... ok
test proxy::socks::tests::builder_rejects_invalid_socks4_user_ids ... ok
test proxy::socks::tests::builder_rejects_invalid_socks5_credentials ... ok
test proxy::socks::tests::connect_does_not_resolve_domain_from_socks5_reply ... ok
test proxy::socks::tests::connects_through_authenticated_socks5_proxy ... ok
test proxy::socks::tests::connects_through_socks4_proxy_with_user_id ... ok
test proxy::socks::tests::connects_through_socks5_proxy ... ok
test proxy::socks::tests::invalid_address_error_uses_typed_protocol ... ok
test proxy::socks::tests::outbound_proxy_rejects_invalid_socks4_user_ids ... ok
test proxy::socks::tests::resolved_proxy_build_requires_matching_resolved_credentials ... ok
test proxy::socks::tests::resolved_proxy_build_validates_resolved_socks5_password ... ok
test proxy::socks::tests::uri_parses_and_formats_for_cli ... ok
test proxy::socks::tests::uri_rejects_unsupported_forms ... ok
test proxy::socks::tests::udp_association_supports_domain_relay_in_another_address_family ... ok
test engine::dns::forwarder::tests::all_upstreams_unusable_yields_servfail ... ok
test engine::dns::forwarder::tests::configured_upstreams_fall_over_past_several_dead_servers ... ok
test engine::dns::client::tests::udp_upstream_honors_query_timeout ... ok
test engine::dns::client::tests::tcp_upstream_honors_query_timeout ... ok

test result: ok. 562 passed; 0 failed; 0 ignored; 0 measured; 0 filtered out; finished in 2.01s

