warning: use of deprecated tuple variant `time::format_description::BorrowedFormatItem::Literal`: use `StringLiteral` instead; raw bytes are not recommended
   --> third_party/sqlx-sqlite-0.9.0/src/types/time.rs:196:67
    |
196 |     use time::format_description::BorrowedFormatItem::{Component, Literal, Optional};
    |                                                                   ^^^^^^^
    |
    = note: `#[warn(deprecated)]` on by default

warning: use of deprecated tuple variant `time::format_description::Component::Year`: use one of the various `Year*` components instead
   --> third_party/sqlx-sqlite-0.9.0/src/types/time.rs:199:52
    |
199 |     const YEAR: BorrowedFormatItem<'_> = Component(Year({
    |                                                    ^^^^

warning: use of deprecated struct `time::format_description::modifier::Year`: use one of the various `Year*` components instead
   --> third_party/sqlx-sqlite-0.9.0/src/types/time.rs:200:35
    |
200 |         let mut value = modifier::Year::default();
    |                                   ^^^^

warning: use of deprecated unit variant `time::format_description::modifier::YearRepr::Full`: used only in the deprecated `Year` component
   --> third_party/sqlx-sqlite-0.9.0/src/types/time.rs:202:42
    |
202 |         value.repr = modifier::YearRepr::Full;
    |                                          ^^^^

warning: use of deprecated tuple variant `time::format_description::Component::Month`: use `MonthShort`, `MonthLong`, or `MonthNumeric` instead
   --> third_party/sqlx-sqlite-0.9.0/src/types/time.rs:208:53
    |
208 |     const MONTH: BorrowedFormatItem<'_> = Component(Month({
    |                                                     ^^^^^

warning: use of deprecated struct `time::format_description::modifier::Month`: use `MonthShort`, `MonthLong`, or `MonthNumeric` instead
   --> third_party/sqlx-sqlite-0.9.0/src/types/time.rs:209:35
    |
209 |         let mut value = modifier::Month::default();
    |                                   ^^^^^

warning: use of deprecated unit variant `time::format_description::modifier::MonthRepr::Numerical`: used only in the deprecated `Month` component
   --> third_party/sqlx-sqlite-0.9.0/src/types/time.rs:211:43
    |
211 |         value.repr = modifier::MonthRepr::Numerical;
    |                                           ^^^^^^^^^

warning: use of deprecated tuple variant `time::format_description::Component::Hour`: use `Hour12` or `Hour24` instead
   --> third_party/sqlx-sqlite-0.9.0/src/types/time.rs:222:52
    |
222 |     const HOUR: BorrowedFormatItem<'_> = Component(Hour({
    |                                                    ^^^^

warning: use of deprecated struct `time::format_description::modifier::Hour`: use `Hour12` or `Hour24` instead
   --> third_party/sqlx-sqlite-0.9.0/src/types/time.rs:223:35
    |
223 |         let mut value = modifier::Hour::default();
    |                                   ^^^^

warning: use of deprecated tuple variant `time::format_description::BorrowedFormatItem::Literal`: use `StringLiteral` instead; raw bytes are not recommended
   --> third_party/sqlx-sqlite-0.9.0/src/types/time.rs:263:13
    |
263 |             Literal(b"-"),
    |             ^^^^^^^

warning: use of deprecated tuple variant `time::format_description::BorrowedFormatItem::Literal`: use `StringLiteral` instead; raw bytes are not recommended
   --> third_party/sqlx-sqlite-0.9.0/src/types/time.rs:265:13
    |
265 |             Literal(b"-"),
    |             ^^^^^^^

warning: use of deprecated tuple variant `time::format_description::BorrowedFormatItem::Literal`: use `StringLiteral` instead; raw bytes are not recommended
   --> third_party/sqlx-sqlite-0.9.0/src/types/time.rs:267:23
    |
267 |             Optional(&Literal(b" ")),
    |                       ^^^^^^^

warning: use of deprecated tuple variant `time::format_description::BorrowedFormatItem::Literal`: use `StringLiteral` instead; raw bytes are not recommended
   --> third_party/sqlx-sqlite-0.9.0/src/types/time.rs:268:23
    |
268 |             Optional(&Literal(b"T")),
    |                       ^^^^^^^

warning: use of deprecated tuple variant `time::format_description::BorrowedFormatItem::Literal`: use `StringLiteral` instead; raw bytes are not recommended
   --> third_party/sqlx-sqlite-0.9.0/src/types/time.rs:270:13
    |
270 |             Literal(b":"),
    |             ^^^^^^^

warning: use of deprecated tuple variant `time::format_description::BorrowedFormatItem::Literal`: use `StringLiteral` instead; raw bytes are not recommended
   --> third_party/sqlx-sqlite-0.9.0/src/types/time.rs:272:23
    |
272 |             Optional(&Literal(b":")),
    |                       ^^^^^^^

warning: use of deprecated tuple variant `time::format_description::BorrowedFormatItem::Literal`: use `StringLiteral` instead; raw bytes are not recommended
   --> third_party/sqlx-sqlite-0.9.0/src/types/time.rs:274:23
    |
274 |             Optional(&Literal(b".")),
    |                       ^^^^^^^

warning: use of deprecated tuple variant `time::format_description::BorrowedFormatItem::Literal`: use `StringLiteral` instead; raw bytes are not recommended
   --> third_party/sqlx-sqlite-0.9.0/src/types/time.rs:277:23
    |
277 |             Optional(&Literal(b":")),
    |                       ^^^^^^^

warning: use of deprecated tuple variant `time::format_description::BorrowedFormatItem::Literal`: use `StringLiteral` instead; raw bytes are not recommended
   --> third_party/sqlx-sqlite-0.9.0/src/types/time.rs:285:13
    |
285 |             Literal(b"-"),
    |             ^^^^^^^

warning: use of deprecated tuple variant `time::format_description::BorrowedFormatItem::Literal`: use `StringLiteral` instead; raw bytes are not recommended
   --> third_party/sqlx-sqlite-0.9.0/src/types/time.rs:287:13
    |
287 |             Literal(b"-"),
    |             ^^^^^^^

warning: use of deprecated tuple variant `time::format_description::BorrowedFormatItem::Literal`: use `StringLiteral` instead; raw bytes are not recommended
   --> third_party/sqlx-sqlite-0.9.0/src/types/time.rs:289:13
    |
289 |             Literal(b" "),
    |             ^^^^^^^

warning: use of deprecated tuple variant `time::format_description::BorrowedFormatItem::Literal`: use `StringLiteral` instead; raw bytes are not recommended
   --> third_party/sqlx-sqlite-0.9.0/src/types/time.rs:291:13
    |
291 |             Literal(b":"),
    |             ^^^^^^^

warning: use of deprecated tuple variant `time::format_description::BorrowedFormatItem::Literal`: use `StringLiteral` instead; raw bytes are not recommended
   --> third_party/sqlx-sqlite-0.9.0/src/types/time.rs:293:23
    |
293 |             Optional(&Literal(b":")),
    |                       ^^^^^^^

warning: use of deprecated tuple variant `time::format_description::BorrowedFormatItem::Literal`: use `StringLiteral` instead; raw bytes are not recommended
   --> third_party/sqlx-sqlite-0.9.0/src/types/time.rs:295:23
    |
295 |             Optional(&Literal(b".")),
    |                       ^^^^^^^

warning: use of deprecated tuple variant `time::format_description::BorrowedFormatItem::Literal`: use `StringLiteral` instead; raw bytes are not recommended
   --> third_party/sqlx-sqlite-0.9.0/src/types/time.rs:297:23
    |
297 |             Optional(&Literal(b"Z")),
    |                       ^^^^^^^

warning: use of deprecated tuple variant `time::format_description::BorrowedFormatItem::Literal`: use `StringLiteral` instead; raw bytes are not recommended
   --> third_party/sqlx-sqlite-0.9.0/src/types/time.rs:304:13
    |
304 |             Literal(b"-"),
    |             ^^^^^^^

warning: use of deprecated tuple variant `time::format_description::BorrowedFormatItem::Literal`: use `StringLiteral` instead; raw bytes are not recommended
   --> third_party/sqlx-sqlite-0.9.0/src/types/time.rs:306:13
    |
306 |             Literal(b"-"),
    |             ^^^^^^^

warning: use of deprecated tuple variant `time::format_description::BorrowedFormatItem::Literal`: use `StringLiteral` instead; raw bytes are not recommended
   --> third_party/sqlx-sqlite-0.9.0/src/types/time.rs:308:13
    |
308 |             Literal(b"T"),
    |             ^^^^^^^

warning: use of deprecated tuple variant `time::format_description::BorrowedFormatItem::Literal`: use `StringLiteral` instead; raw bytes are not recommended
   --> third_party/sqlx-sqlite-0.9.0/src/types/time.rs:310:13
    |
310 |             Literal(b":"),
    |             ^^^^^^^

warning: use of deprecated tuple variant `time::format_description::BorrowedFormatItem::Literal`: use `StringLiteral` instead; raw bytes are not recommended
   --> third_party/sqlx-sqlite-0.9.0/src/types/time.rs:312:23
    |
312 |             Optional(&Literal(b":")),
    |                       ^^^^^^^

warning: use of deprecated tuple variant `time::format_description::BorrowedFormatItem::Literal`: use `StringLiteral` instead; raw bytes are not recommended
   --> third_party/sqlx-sqlite-0.9.0/src/types/time.rs:314:23
    |
314 |             Optional(&Literal(b".")),
    |                       ^^^^^^^

warning: use of deprecated tuple variant `time::format_description::BorrowedFormatItem::Literal`: use `StringLiteral` instead; raw bytes are not recommended
   --> third_party/sqlx-sqlite-0.9.0/src/types/time.rs:316:23
    |
316 |             Optional(&Literal(b"Z")),
    |                       ^^^^^^^

warning: use of deprecated field `time::format_description::modifier::Year::padding`: use one of the various `Year*` components instead
   --> third_party/sqlx-sqlite-0.9.0/src/types/time.rs:201:9
    |
201 |         value.padding = modifier::Padding::Zero;
    |         ^^^^^^^^^^^^^

warning: use of deprecated field `time::format_description::modifier::Year::repr`: use one of the various `Year*` components instead
   --> third_party/sqlx-sqlite-0.9.0/src/types/time.rs:202:9
    |
202 |         value.repr = modifier::YearRepr::Full;
    |         ^^^^^^^^^^

warning: use of deprecated field `time::format_description::modifier::Year::iso_week_based`: use one of the various `Year*` components instead
   --> third_party/sqlx-sqlite-0.9.0/src/types/time.rs:203:9
    |
203 |         value.iso_week_based = false;
    |         ^^^^^^^^^^^^^^^^^^^^

warning: use of deprecated field `time::format_description::modifier::Year::sign_is_mandatory`: use one of the various `Year*` components instead
   --> third_party/sqlx-sqlite-0.9.0/src/types/time.rs:204:9
    |
204 |         value.sign_is_mandatory = false;
    |         ^^^^^^^^^^^^^^^^^^^^^^^

warning: use of deprecated field `time::format_description::modifier::Month::padding`: use `MonthShort`, `MonthLong`, or `MonthNumeric` instead
   --> third_party/sqlx-sqlite-0.9.0/src/types/time.rs:210:9
    |
210 |         value.padding = modifier::Padding::Zero;
    |         ^^^^^^^^^^^^^

warning: use of deprecated field `time::format_description::modifier::Month::repr`: use `MonthShort`, `MonthLong`, or `MonthNumeric` instead
   --> third_party/sqlx-sqlite-0.9.0/src/types/time.rs:211:9
    |
211 |         value.repr = modifier::MonthRepr::Numerical;
    |         ^^^^^^^^^^

warning: use of deprecated field `time::format_description::modifier::Month::case_sensitive`: use `MonthShort`, `MonthLong`, or `MonthNumeric` instead
   --> third_party/sqlx-sqlite-0.9.0/src/types/time.rs:212:9
    |
212 |         value.case_sensitive = true;
    |         ^^^^^^^^^^^^^^^^^^^^

warning: use of deprecated field `time::format_description::modifier::Hour::padding`: use `Hour12` or `Hour24` instead
   --> third_party/sqlx-sqlite-0.9.0/src/types/time.rs:224:9
    |
224 |         value.padding = modifier::Padding::Zero;
    |         ^^^^^^^^^^^^^

warning: use of deprecated field `time::format_description::modifier::Hour::is_12_hour_clock`: use `Hour12` or `Hour24` instead
   --> third_party/sqlx-sqlite-0.9.0/src/types/time.rs:225:9
    |
225 |         value.is_12_hour_clock = false;
    |         ^^^^^^^^^^^^^^^^^^^^^^

warning: `sqlx-sqlite` (lib) generated 40 warnings
    Finished `test` profile [unoptimized + debuginfo] target(s) in 0.50s
     Running tests/oci_import/main.rs (target/debug/deps/oci_import-2f6a1a8b9526a36d)

running 36 tests
test apple_store_is_a_typed_blocker_with_dated_evidence ... ok
test archive_import_persists_identity_and_cached_only_reuse_needs_no_source ... ok
test cache_invariants::a_corrupted_cached_archive_is_a_miss_and_is_reacquired_once ... ok
test cache_invariants::a_pre_metadata_cache_record_is_migrated_by_one_reacquisition ... ok
SKIP: real_corpus: AWMAN_TEST_IMAGE_CORPUS does not name a directory with manifest.json (build one with tests/oci_import/corpus/build-corpus.sh)
test corpus::real_corpus_every_shipped_template_archive_validates_and_projects ... ok
test cache_invariants::unselected_images_and_tags_never_reach_the_runtime_projection ... ok
test corpus::restrictive_symlink_rules_hold_against_realistic_layers ... ok
test corpus::archive_zstd_and_nondistributable_policy ... ok
test cache_invariants::source_deletion_replacement_and_shared_bytes_keep_per_reference_identity ... ok
test cache_invariants::changed_path_reference_endpoint_or_platform_is_never_served_from_another_entry ... ok
test corpus::archive_real_corpus_preserves_identity_and_links ... ok
test docker_store::store_docker_missing_image_names_the_endpoint_and_is_not_retried ... ok
test docker_store::a_daemon_that_drops_the_connection_is_retried_and_5xx_is_transient ... ok
test docker_store::docker_tls_defaults_come_from_the_injected_environment_not_the_real_home ... ok
test docker_store::store_docker_multi_platform_store_exports_the_requested_platform ... ok
test docker_store::store_docker_old_supported_api_exports_without_platform_and_older_is_refused ... ok
test docker_store::store_docker_tls_wrong_ca_expired_and_mismatched_certificates_are_final ... ok
test docker_store::store_docker_tls_client_certificate_material_is_read_and_validated ... ok
test docker_store::acquire_retry_is_bounded_and_source_stable ... ok
SKIP: native_keychain_disposable_registry_entry: AWMAN_TEST_NATIVE_KEYCHAIN=1 is not set (native credential opt-in)
test real_stores::native_keychain_disposable_registry_entry ... ok
SKIP: store_docker_real_engine_unix_or_tls_roundtrip: AWMAN_TEST_IMAGE_STORES=1 is not set (real-store opt-in)
test real_stores::store_docker_real_engine_unix_or_tls_roundtrip ... ok
SKIP: store_registry_real_ca_proxy_auth_roundtrip: AWMAN_TEST_IMAGE_STORES=1 is not set (real-store opt-in)
test real_stores::store_registry_real_ca_proxy_auth_roundtrip ... ok
test docker_store::store_docker_tls_roundtrip_with_a_private_ca ... ok
test docker_store::store_docker_tls_verify_false_accepts_an_unknown_certificate ... ok
test registry_store::a_proxy_that_is_unreachable_never_exposes_its_credentials ... ok
test docker_store::store_docker_unix_roundtrip_then_cached_use_after_the_daemon_is_gone ... ok
test registry_store::store_registry_anonymous_access_needs_no_credentials_and_helpers_never_run ... ok
test registry_store::store_registry_local_insecure_registry_with_basic_auth ... ok
test registry_store::registry_untrusted_realm_and_redirect_redact_sentinels ... ok
test registry_store::store_registry_wrong_ca_is_final_and_leaks_nothing ... ok
test wrong_platform_and_malformed_transfer_leave_no_visible_cache_state ... ok
test registry_store::store_registry_ca_and_same_origin_token_realm_roundtrip ... ok
test registry_store::store_registry_wrong_password_is_an_auth_error_without_the_secret ... ok
test docker_store::acquire_cancel_removes_partial_transfer ... ok
test registry_store::store_registry_proxy_is_used_and_no_proxy_bypasses_it ... ok
test docker_store::the_acquisition_deadline_bounds_a_stalled_export ... ok

test result: ok. 36 passed; 0 failed; 0 ignored; 0 measured; 0 filtered out; finished in 0.97s

