architecture-lint: OK — all imports respect the layering rules
cargo fmt --check
cargo clippy --all-targets -- -D warnings
    Checking awman v0.12.0 (/workspace)
    Finished `dev` profile [unoptimized + debuginfo] target(s) in 0.81s
make --no-print-directory test

running 3225 tests
....................................................................................... 87/3225
....................................................................................... 174/3225
....................................................................................... 261/3225
....................................................................................... 348/3225
....................................................................................... 435/3225
.........................i............................................................. 522/3225
....................................................................................... 609/3225
....................................................................................... 696/3225
....................................................................................... 783/3225
....................................................................................... 870/3225
....................................................................................... 957/3225
....................................................................................... 1044/3225
....................................................................................... 1131/3225
....................................................................................... 1218/3225
....................................................................................... 1305/3225
....................................................................................... 1392/3225
....................................................................................... 1479/3225
....................................................................................... 1566/3225
....................................................................................... 1653/3225
....................................................................................... 1740/3225
....................................................................................... 1827/3225
....................................................................................... 1914/3225
....................................................................................... 2001/3225
....................................................................................... 2088/3225
.........................................Initialized empty Git repository in /var/tmp/test-fixtures/test-run.AKX9lx/.tmpE86iXg/.git/
[main (root-commit) d9b174c] init
 1 file changed, 1 insertion(+)
 create mode 100644 f.txt
Initialized empty Git repository in /var/tmp/test-fixtures/test-run.AKX9lx/.tmpY0o1rJ/.git/
..Initialized empty Git repository in /var/tmp/test-fixtures/test-run.AKX9lx/.tmpnBryg9/.git/
Initialized empty Git repository in /var/tmp/test-fixtures/test-run.AKX9lx/.tmpimbDfN/.git/
[main (root-commit) d9b174c] init
 1 file changed, 1 insertion(+)
 create mode 100644 f.txt
[main (root-commit) d9b174c] init
 1 file changed, 1 insertion(+)
 create mode 100644 f.txt
[main (root-commit) d9b174c] init
 1 file changed, 1 insertion(+)
 create mode 100644 f.txt
............................................ 2175/3225
....................................................................................... 2262/3225
......................................................................................[1;22r[24;1H7[24;1H[2K[7m [2 agents running | showing: a | Ctrl-S: switch] [0m8[r[24;1H[2K. 2349/3225
.awman warning: 2 agents are launching in parallel, but output merging is not supported in non-interactive mode; step output will interleave without chrome
...................................................................................... 2436/3225
.............................................awman: .immediate
.awman: .immediate again
awman: .queued message
.awman warning: .another
.awman: .immediate
.awman: .msg
................................ 2523/3225
....................................................................................... 2610/3225
....................................................................................... 2697/3225
....................................................................................... 2784/3225
....................................................................................... 2871/3225
....................................................................................... 2958/3225
....................................................................................... 3045/3225
....................................................................................... 3132/3225
....................................................................................... 3219/3225
......
test result: ok. 3224 passed; 0 failed; 1 ignored; 0 measured; 0 filtered out; finished in 6.08s


running 12 tests
............
test result: ok. 12 passed; 0 failed; 0 ignored; 0 measured; 0 filtered out; finished in 0.00s


running 176 tests
....................................................................................... 87/176
....................................................................................... 174/176
..
test result: ok. 176 passed; 0 failed; 0 ignored; 0 measured; 0 filtered out; finished in 1.23s


running 72 tests
........................................................................
test result: ok. 72 passed; 0 failed; 0 ignored; 0 measured; 0 filtered out; finished in 1.73s


running 77 tests
........................................................... 59/77
network_resources::tests::guest_scripts_bound_every_probe_and_keep_the_prelude --- FAILED
.................
failures:

---- network_resources::tests::guest_scripts_bound_every_probe_and_keep_the_prelude stdout ----

thread 'network_resources::tests::guest_scripts_bound_every_probe_and_keep_the_prelude' (22370) panicked at tests/builtin_runtime/network_resources.rs:662:9:
assertion failed: s.contains("wget -q -T 8")
note: run with `RUST_BACKTRACE=1` environment variable to display a backtrace


failures:
    network_resources::tests::guest_scripts_bound_every_probe_and_keep_the_prelude

test result: FAILED. 76 passed; 1 failed; 0 ignored; 0 measured; 0 filtered out; finished in 0.41s

error: test failed, to rerun pass `--test builtin_runtime`
make[1]: *** [Makefile:52: test] Error 101
make: *** [Makefile:88: pre-push] Error 2
