warning: use of deprecated tuple variant `time::format_description::BorrowedFormatItem::Literal`: use `StringLiteral` instead; raw bytes are not recommended
   --> third_party/sqlx-sqlite-0.9.0/src/types/time.rs:196:67
    |
196 |     use time::format_description::BorrowedFormatItem::{Component, Literal, Optional};
    |                                                                   ^^^^^^^
    |
    = note: `#[warn(deprecated)]` on by default

warning: use of deprecated tuple variant `time::format_description::Component::Year`: use one of the various `Year*` components instead
   --> third_party/sqlx-sqlite-0.9.0/src/types/time.rs:199:52
    |
199 |     const YEAR: BorrowedFormatItem<'_> = Component(Year({
    |                                                    ^^^^

warning: use of deprecated struct `time::format_description::modifier::Year`: use one of the various `Year*` components instead
   --> third_party/sqlx-sqlite-0.9.0/src/types/time.rs:200:35
    |
200 |         let mut value = modifier::Year::default();
    |                                   ^^^^

warning: use of deprecated unit variant `time::format_description::modifier::YearRepr::Full`: used only in the deprecated `Year` component
   --> third_party/sqlx-sqlite-0.9.0/src/types/time.rs:202:42
    |
202 |         value.repr = modifier::YearRepr::Full;
    |                                          ^^^^

warning: use of deprecated tuple variant `time::format_description::Component::Month`: use `MonthShort`, `MonthLong`, or `MonthNumeric` instead
   --> third_party/sqlx-sqlite-0.9.0/src/types/time.rs:208:53
    |
208 |     const MONTH: BorrowedFormatItem<'_> = Component(Month({
    |                                                     ^^^^^

warning: use of deprecated struct `time::format_description::modifier::Month`: use `MonthShort`, `MonthLong`, or `MonthNumeric` instead
   --> third_party/sqlx-sqlite-0.9.0/src/types/time.rs:209:35
    |
209 |         let mut value = modifier::Month::default();
    |                                   ^^^^^

warning: use of deprecated unit variant `time::format_description::modifier::MonthRepr::Numerical`: used only in the deprecated `Month` component
   --> third_party/sqlx-sqlite-0.9.0/src/types/time.rs:211:43
    |
211 |         value.repr = modifier::MonthRepr::Numerical;
    |                                           ^^^^^^^^^

warning: use of deprecated tuple variant `time::format_description::Component::Hour`: use `Hour12` or `Hour24` instead
   --> third_party/sqlx-sqlite-0.9.0/src/types/time.rs:222:52
    |
222 |     const HOUR: BorrowedFormatItem<'_> = Component(Hour({
    |                                                    ^^^^

warning: use of deprecated struct `time::format_description::modifier::Hour`: use `Hour12` or `Hour24` instead
   --> third_party/sqlx-sqlite-0.9.0/src/types/time.rs:223:35
    |
223 |         let mut value = modifier::Hour::default();
    |                                   ^^^^

warning: use of deprecated tuple variant `time::format_description::BorrowedFormatItem::Literal`: use `StringLiteral` instead; raw bytes are not recommended
   --> third_party/sqlx-sqlite-0.9.0/src/types/time.rs:263:13
    |
263 |             Literal(b"-"),
    |             ^^^^^^^

warning: use of deprecated tuple variant `time::format_description::BorrowedFormatItem::Literal`: use `StringLiteral` instead; raw bytes are not recommended
   --> third_party/sqlx-sqlite-0.9.0/src/types/time.rs:265:13
    |
265 |             Literal(b"-"),
    |             ^^^^^^^

warning: use of deprecated tuple variant `time::format_description::BorrowedFormatItem::Literal`: use `StringLiteral` instead; raw bytes are not recommended
   --> third_party/sqlx-sqlite-0.9.0/src/types/time.rs:267:23
    |
267 |             Optional(&Literal(b" ")),
    |                       ^^^^^^^

warning: use of deprecated tuple variant `time::format_description::BorrowedFormatItem::Literal`: use `StringLiteral` instead; raw bytes are not recommended
   --> third_party/sqlx-sqlite-0.9.0/src/types/time.rs:268:23
    |
268 |             Optional(&Literal(b"T")),
    |                       ^^^^^^^

warning: use of deprecated tuple variant `time::format_description::BorrowedFormatItem::Literal`: use `StringLiteral` instead; raw bytes are not recommended
   --> third_party/sqlx-sqlite-0.9.0/src/types/time.rs:270:13
    |
270 |             Literal(b":"),
    |             ^^^^^^^

warning: use of deprecated tuple variant `time::format_description::BorrowedFormatItem::Literal`: use `StringLiteral` instead; raw bytes are not recommended
   --> third_party/sqlx-sqlite-0.9.0/src/types/time.rs:272:23
    |
272 |             Optional(&Literal(b":")),
    |                       ^^^^^^^

warning: use of deprecated tuple variant `time::format_description::BorrowedFormatItem::Literal`: use `StringLiteral` instead; raw bytes are not recommended
   --> third_party/sqlx-sqlite-0.9.0/src/types/time.rs:274:23
    |
274 |             Optional(&Literal(b".")),
    |                       ^^^^^^^

warning: use of deprecated tuple variant `time::format_description::BorrowedFormatItem::Literal`: use `StringLiteral` instead; raw bytes are not recommended
   --> third_party/sqlx-sqlite-0.9.0/src/types/time.rs:277:23
    |
277 |             Optional(&Literal(b":")),
    |                       ^^^^^^^

warning: use of deprecated tuple variant `time::format_description::BorrowedFormatItem::Literal`: use `StringLiteral` instead; raw bytes are not recommended
   --> third_party/sqlx-sqlite-0.9.0/src/types/time.rs:285:13
    |
285 |             Literal(b"-"),
    |             ^^^^^^^

warning: use of deprecated tuple variant `time::format_description::BorrowedFormatItem::Literal`: use `StringLiteral` instead; raw bytes are not recommended
   --> third_party/sqlx-sqlite-0.9.0/src/types/time.rs:287:13
    |
287 |             Literal(b"-"),
    |             ^^^^^^^

warning: use of deprecated tuple variant `time::format_description::BorrowedFormatItem::Literal`: use `StringLiteral` instead; raw bytes are not recommended
   --> third_party/sqlx-sqlite-0.9.0/src/types/time.rs:289:13
    |
289 |             Literal(b" "),
    |             ^^^^^^^

warning: use of deprecated tuple variant `time::format_description::BorrowedFormatItem::Literal`: use `StringLiteral` instead; raw bytes are not recommended
   --> third_party/sqlx-sqlite-0.9.0/src/types/time.rs:291:13
    |
291 |             Literal(b":"),
    |             ^^^^^^^

warning: use of deprecated tuple variant `time::format_description::BorrowedFormatItem::Literal`: use `StringLiteral` instead; raw bytes are not recommended
   --> third_party/sqlx-sqlite-0.9.0/src/types/time.rs:293:23
    |
293 |             Optional(&Literal(b":")),
    |                       ^^^^^^^

warning: use of deprecated tuple variant `time::format_description::BorrowedFormatItem::Literal`: use `StringLiteral` instead; raw bytes are not recommended
   --> third_party/sqlx-sqlite-0.9.0/src/types/time.rs:295:23
    |
295 |             Optional(&Literal(b".")),
    |                       ^^^^^^^

warning: use of deprecated tuple variant `time::format_description::BorrowedFormatItem::Literal`: use `StringLiteral` instead; raw bytes are not recommended
   --> third_party/sqlx-sqlite-0.9.0/src/types/time.rs:297:23
    |
297 |             Optional(&Literal(b"Z")),
    |                       ^^^^^^^

warning: use of deprecated tuple variant `time::format_description::BorrowedFormatItem::Literal`: use `StringLiteral` instead; raw bytes are not recommended
   --> third_party/sqlx-sqlite-0.9.0/src/types/time.rs:304:13
    |
304 |             Literal(b"-"),
    |             ^^^^^^^

warning: use of deprecated tuple variant `time::format_description::BorrowedFormatItem::Literal`: use `StringLiteral` instead; raw bytes are not recommended
   --> third_party/sqlx-sqlite-0.9.0/src/types/time.rs:306:13
    |
306 |             Literal(b"-"),
    |             ^^^^^^^

warning: use of deprecated tuple variant `time::format_description::BorrowedFormatItem::Literal`: use `StringLiteral` instead; raw bytes are not recommended
   --> third_party/sqlx-sqlite-0.9.0/src/types/time.rs:308:13
    |
308 |             Literal(b"T"),
    |             ^^^^^^^

warning: use of deprecated tuple variant `time::format_description::BorrowedFormatItem::Literal`: use `StringLiteral` instead; raw bytes are not recommended
   --> third_party/sqlx-sqlite-0.9.0/src/types/time.rs:310:13
    |
310 |             Literal(b":"),
    |             ^^^^^^^

warning: use of deprecated tuple variant `time::format_description::BorrowedFormatItem::Literal`: use `StringLiteral` instead; raw bytes are not recommended
   --> third_party/sqlx-sqlite-0.9.0/src/types/time.rs:312:23
    |
312 |             Optional(&Literal(b":")),
    |                       ^^^^^^^

warning: use of deprecated tuple variant `time::format_description::BorrowedFormatItem::Literal`: use `StringLiteral` instead; raw bytes are not recommended
   --> third_party/sqlx-sqlite-0.9.0/src/types/time.rs:314:23
    |
314 |             Optional(&Literal(b".")),
    |                       ^^^^^^^

warning: use of deprecated tuple variant `time::format_description::BorrowedFormatItem::Literal`: use `StringLiteral` instead; raw bytes are not recommended
   --> third_party/sqlx-sqlite-0.9.0/src/types/time.rs:316:23
    |
316 |             Optional(&Literal(b"Z")),
    |                       ^^^^^^^

warning: use of deprecated field `time::format_description::modifier::Year::padding`: use one of the various `Year*` components instead
   --> third_party/sqlx-sqlite-0.9.0/src/types/time.rs:201:9
    |
201 |         value.padding = modifier::Padding::Zero;
    |         ^^^^^^^^^^^^^

warning: use of deprecated field `time::format_description::modifier::Year::repr`: use one of the various `Year*` components instead
   --> third_party/sqlx-sqlite-0.9.0/src/types/time.rs:202:9
    |
202 |         value.repr = modifier::YearRepr::Full;
    |         ^^^^^^^^^^

warning: use of deprecated field `time::format_description::modifier::Year::iso_week_based`: use one of the various `Year*` components instead
   --> third_party/sqlx-sqlite-0.9.0/src/types/time.rs:203:9
    |
203 |         value.iso_week_based = false;
    |         ^^^^^^^^^^^^^^^^^^^^

warning: use of deprecated field `time::format_description::modifier::Year::sign_is_mandatory`: use one of the various `Year*` components instead
   --> third_party/sqlx-sqlite-0.9.0/src/types/time.rs:204:9
    |
204 |         value.sign_is_mandatory = false;
    |         ^^^^^^^^^^^^^^^^^^^^^^^

warning: use of deprecated field `time::format_description::modifier::Month::padding`: use `MonthShort`, `MonthLong`, or `MonthNumeric` instead
   --> third_party/sqlx-sqlite-0.9.0/src/types/time.rs:210:9
    |
210 |         value.padding = modifier::Padding::Zero;
    |         ^^^^^^^^^^^^^

warning: use of deprecated field `time::format_description::modifier::Month::repr`: use `MonthShort`, `MonthLong`, or `MonthNumeric` instead
   --> third_party/sqlx-sqlite-0.9.0/src/types/time.rs:211:9
    |
211 |         value.repr = modifier::MonthRepr::Numerical;
    |         ^^^^^^^^^^

warning: use of deprecated field `time::format_description::modifier::Month::case_sensitive`: use `MonthShort`, `MonthLong`, or `MonthNumeric` instead
   --> third_party/sqlx-sqlite-0.9.0/src/types/time.rs:212:9
    |
212 |         value.case_sensitive = true;
    |         ^^^^^^^^^^^^^^^^^^^^

warning: use of deprecated field `time::format_description::modifier::Hour::padding`: use `Hour12` or `Hour24` instead
   --> third_party/sqlx-sqlite-0.9.0/src/types/time.rs:224:9
    |
224 |         value.padding = modifier::Padding::Zero;
    |         ^^^^^^^^^^^^^

warning: use of deprecated field `time::format_description::modifier::Hour::is_12_hour_clock`: use `Hour12` or `Hour24` instead
   --> third_party/sqlx-sqlite-0.9.0/src/types/time.rs:225:9
    |
225 |         value.is_12_hour_clock = false;
    |         ^^^^^^^^^^^^^^^^^^^^^^

warning: `sqlx-sqlite` (lib) generated 40 warnings
    Finished `test` profile [unoptimized + debuginfo] target(s) in 0.56s
     Running tests/builtin_runtime/main.rs (target/debug/deps/builtin_runtime-95416d0026bd6d26)

running 20 tests
BLOCKED: builtin_hw_actual_awman_all_agent_settings_prompt_overlay_strategies: /dev/kvm is not usable (No such file or directory (os error 2)); KVM access is required

thread 'guest_compat::builtin_hw_actual_awman_all_agent_settings_prompt_overlay_strategies' (179875) panicked at tests/builtin_runtime/lifecycle.rs:19:9:
builtin_hw_actual_awman_all_agent_settings_prompt_overlay_strategies: /dev/kvm is not usable (No such file or directory (os error 2)); KVM access is required
note: run with `RUST_BACKTRACE=1` environment variable to display a backtrace
test guest_compat::builtin_hw_actual_awman_all_agent_settings_prompt_overlay_strategies ... FAILED
BLOCKED: builtin_hw_refresh_multi: /dev/kvm is not usable (No such file or directory (os error 2)); KVM access is required
BLOCKED: 
thread 'hardware::builtin_hw_credential_refresh_reaches_every_consumer_atomically' (179880) panicked at tests/builtin_runtime/gate.rs:166:9:
builtin_hw_refresh_multi: hardware is required (AWMAN_TEST_BUILTIN_REQUIRE_HW=1) but: /dev/kvm is not usable (No such file or directory (os error 2)); KVM access is required
builtin_hw_reattach: test hardware::builtin_hw_credential_refresh_reaches_every_consumer_atomically ... FAILED/dev/kvm is not usable (No such file or directory (os error 2)); KVM access is required


thread 'hardware::builtin_hw_a_second_client_can_reattach_while_the_launcher_lives' (179876) panicked at tests/builtin_runtime/gate.rs:166:9:
builtin_hw_reattach: hardware is required (AWMAN_TEST_BUILTIN_REQUIRE_HW=1) but: /dev/kvm is not usable (No such file or directory (os error 2)); KVM access is required
BLOCKED: test hardware::builtin_hw_a_second_client_can_reattach_while_the_launcher_lives ... FAILEDbuiltin_hw_cached_execution_after_sources_stop: 
/dev/kvm is not usable (No such file or directory (os error 2)); KVM access is required

thread 'acquisition::builtin_hw_cached_execution_after_sources_stop' (179874) panicked at tests/builtin_runtime/gate.rs:166:9:
builtin_hw_cached_execution_after_sources_stop: hardware is required (AWMAN_TEST_BUILTIN_REQUIRE_HW=1) but: /dev/kvm is not usable (No such file or directory (os error 2)); KVM access is required
BLOCKED: test acquisition::builtin_hw_cached_execution_after_sources_stop ... FAILEDbuiltin_hw_cancel: 
/dev/kvm is not usable (No such file or directory (os error 2)); KVM access is required

thread 'hardware::builtin_hw_cancel_stops_within_the_grace_and_removes_the_vm' (179878) panicked at tests/builtin_runtime/gate.rs:166:9:
builtin_hw_cancel: hardware is required (AWMAN_TEST_BUILTIN_REQUIRE_HW=1) but: /dev/kvm is not usable (No such file or directory (os error 2)); KVM access is required
BLOCKED: test hardware::builtin_hw_cancel_stops_within_the_grace_and_removes_the_vm ... FAILEDbuiltin_hw_multi_vm: 
/dev/kvm is not usable (No such file or directory (os error 2)); KVM access is required

thread 'hardware::builtin_hw_concurrent_vms_are_independent' (179879) panicked at tests/builtin_runtime/gate.rs:166:9:
builtin_hw_multi_vm: hardware is required (AWMAN_TEST_BUILTIN_REQUIRE_HW=1) but: /dev/kvm is not usable (No such file or directory (os error 2)); KVM access is required
BLOCKED: test hardware::builtin_hw_concurrent_vms_are_independent ... FAILEDbuiltin_hw_acp: 
/dev/kvm is not usable (No such file or directory (os error 2)); KVM access is required

thread 'hardware::builtin_hw_acp_frames_are_binary_clean_end_to_end' (179877) panicked at tests/builtin_runtime/gate.rs:166:9:
builtin_hw_acp: hardware is required (AWMAN_TEST_BUILTIN_REQUIRE_HW=1) but: /dev/kvm is not usable (No such file or directory (os error 2)); KVM access is required
BLOCKED: test hardware::builtin_hw_acp_frames_are_binary_clean_end_to_end ... FAILEDbuiltin_hw_mounts: 
/dev/kvm is not usable (No such file or directory (os error 2)); KVM access is required

thread 'hardware::builtin_hw_every_overlay_settings_and_prompt_variant_is_visible_in_the_guest' (179882) panicked at tests/builtin_runtime/gate.rs:166:9:
builtin_hw_mounts: hardware is required (AWMAN_TEST_BUILTIN_REQUIRE_HW=1) but: /dev/kvm is not usable (No such file or directory (os error 2)); KVM access is required
BLOCKED: test hardware::builtin_hw_every_overlay_settings_and_prompt_variant_is_visible_in_the_guest ... FAILEDbuiltin_hw_exit_code: 
/dev/kvm is not usable (No such file or directory (os error 2)); KVM access is required

thread 'hardware::builtin_hw_exit_code_and_stream_separation' (179883) panicked at tests/builtin_runtime/gate.rs:166:9:
builtin_hw_exit_code: hardware is required (AWMAN_TEST_BUILTIN_REQUIRE_HW=1) but: /dev/kvm is not usable (No such file or directory (os error 2)); KVM access is required
BLOCKED: test hardware::builtin_hw_exit_code_and_stream_separation ... FAILEDbuiltin_hw_image_defaults: 
/dev/kvm is not usable (No such file or directory (os error 2)); KVM access is required

thread 'hardware::builtin_hw_image_defaults_hold_and_the_guest_is_not_root' (179884) panicked at tests/builtin_runtime/gate.rs:166:9:
builtin_hw_image_defaults: hardware is required (AWMAN_TEST_BUILTIN_REQUIRE_HW=1) but: /dev/kvm is not usable (No such file or directory (os error 2)); KVM access is required
BLOCKED: test hardware::builtin_hw_image_defaults_hold_and_the_guest_is_not_root ... FAILEDbuiltin_hw_pty: 
/dev/kvm is not usable (No such file or directory (os error 2)); KVM access is required

thread 'hardware::builtin_hw_pty_reports_the_initial_size_and_follows_resizes' (179885) panicked at tests/builtin_runtime/gate.rs:166:9:
builtin_hw_pty: hardware is required (AWMAN_TEST_BUILTIN_REQUIRE_HW=1) but: /dev/kvm is not usable (No such file or directory (os error 2)); KVM access is required
BLOCKED: test hardware::builtin_hw_pty_reports_the_initial_size_and_follows_resizes ... FAILEDbuiltin_hw_limits: 
/dev/kvm is not usable (No such file or directory (os error 2)); KVM access is required

thread 'hardware::builtin_hw_resource_limits_are_enforced_in_the_guest' (179886) panicked at tests/builtin_runtime/gate.rs:166:9:
builtin_hw_limits: hardware is required (AWMAN_TEST_BUILTIN_REQUIRE_HW=1) but: /dev/kvm is not usable (No such file or directory (os error 2)); KVM access is required
BLOCKED: test hardware::builtin_hw_resource_limits_are_enforced_in_the_guest ... FAILEDbuiltin_hw_overrides: 
/dev/kvm is not usable (No such file or directory (os error 2)); KVM access is required

thread 'hardware::builtin_hw_runtime_overrides_win_over_image_defaults_but_never_root' (179887) panicked at tests/builtin_runtime/gate.rs:166:9:
builtin_hw_overrides: hardware is required (AWMAN_TEST_BUILTIN_REQUIRE_HW=1) but: /dev/kvm is not usable (No such file or directory (os error 2)); KVM access is required
BLOCKED: builtin_hw_actual_awman_cli_synthetic_agent_exit_37test hardware::builtin_hw_runtime_overrides_win_over_image_defaults_but_never_root ... FAILED: /dev/kvm is not usable (No such file or directory (os error 2)); KVM access is required


thread 'lifecycle::builtin_hw_actual_awman_cli_synthetic_agent_exit_37' (179888) panicked at tests/builtin_runtime/lifecycle.rs:19:9:
builtin_hw_actual_awman_cli_synthetic_agent_exit_37: /dev/kvm is not usable (No such file or directory (os error 2)); KVM access is required
BLOCKED: test lifecycle::builtin_hw_actual_awman_cli_synthetic_agent_exit_37 ... FAILEDbuiltin_hw_denied_egress_blocks_dns_ip_and_proxy_bypass: 
/dev/kvm is not usable (No such file or directory (os error 2)); KVM access is required

thread 'network_resources::builtin_hw_denied_egress_blocks_dns_ip_and_proxy_bypass' (179889) panicked at tests/builtin_runtime/network_resources.rs:125:9:
builtin_hw_denied_egress_blocks_dns_ip_and_proxy_bypass: hardware is required (AWMAN_TEST_BUILTIN_REQUIRE_HW=1) but: /dev/kvm is not usable (No such file or directory (os error 2)); KVM access is required
BLOCKED: test network_resources::builtin_hw_denied_egress_blocks_dns_ip_and_proxy_bypass ... FAILEDbuiltin_hw_memory_oom_preserves_host_and_peer: 
/dev/kvm is not usable (No such file or directory (os error 2)); KVM access is required

thread 'network_resources::builtin_hw_memory_oom_preserves_host_and_peer' (179890) panicked at tests/builtin_runtime/network_resources.rs:125:9:
builtin_hw_memory_oom_preserves_host_and_peer: hardware is required (AWMAN_TEST_BUILTIN_REQUIRE_HW=1) but: /dev/kvm is not usable (No such file or directory (os error 2)); KVM access is required
BLOCKED: test network_resources::builtin_hw_memory_oom_preserves_host_and_peer ... FAILEDbuiltin_hw_network_dns_auth_ca_proxy_mcp: 
/dev/kvm is not usable (No such file or directory (os error 2)); KVM access is required

thread 'network_resources::builtin_hw_network_dns_auth_ca_proxy_mcp' (179891) panicked at tests/builtin_runtime/network_resources.rs:125:9:
builtin_hw_network_dns_auth_ca_proxy_mcp: hardware is required (AWMAN_TEST_BUILTIN_REQUIRE_HW=1) but: /dev/kvm is not usable (No such file or directory (os error 2)); KVM access is required
BLOCKED: test network_resources::builtin_hw_network_dns_auth_ca_proxy_mcp ... FAILEDbuiltin_hw_network_policy_isolated_between_vms: 
/dev/kvm is not usable (No such file or directory (os error 2)); KVM access is required

thread 'network_resources::builtin_hw_network_policy_isolated_between_vms' (179892) panicked at tests/builtin_runtime/network_resources.rs:125:9:
builtin_hw_network_policy_isolated_between_vms: hardware is required (AWMAN_TEST_BUILTIN_REQUIRE_HW=1) but: /dev/kvm is not usable (No such file or directory (os error 2)); KVM access is required
BLOCKED: test network_resources::builtin_hw_network_policy_isolated_between_vms ... FAILEDbuiltin_hw_offline_cached_execution_under_denial: 
/dev/kvm is not usable (No such file or directory (os error 2)); KVM access is required

thread 'network_resources::builtin_hw_offline_cached_execution_under_denial' (179893) panicked at tests/builtin_runtime/network_resources.rs:125:9:
builtin_hw_offline_cached_execution_under_denial: hardware is required (AWMAN_TEST_BUILTIN_REQUIRE_HW=1) but: /dev/kvm is not usable (No such file or directory (os error 2)); KVM access is required
BLOCKED: test network_resources::builtin_hw_offline_cached_execution_under_denial ... FAILEDbuiltin_hw_vcpu_load_and_cleanup: 
/dev/kvm is not usable (No such file or directory (os error 2)); KVM access is required

thread 'network_resources::builtin_hw_vcpu_load_and_cleanup' (179894) panicked at tests/builtin_runtime/network_resources.rs:125:9:
builtin_hw_vcpu_load_and_cleanup: hardware is required (AWMAN_TEST_BUILTIN_REQUIRE_HW=1) but: /dev/kvm is not usable (No such file or directory (os error 2)); KVM access is required
test network_resources::builtin_hw_vcpu_load_and_cleanup ... FAILED

failures:

failures:
    acquisition::builtin_hw_cached_execution_after_sources_stop
    guest_compat::builtin_hw_actual_awman_all_agent_settings_prompt_overlay_strategies
    hardware::builtin_hw_a_second_client_can_reattach_while_the_launcher_lives
    hardware::builtin_hw_acp_frames_are_binary_clean_end_to_end
    hardware::builtin_hw_cancel_stops_within_the_grace_and_removes_the_vm
    hardware::builtin_hw_concurrent_vms_are_independent
    hardware::builtin_hw_credential_refresh_reaches_every_consumer_atomically
    hardware::builtin_hw_every_overlay_settings_and_prompt_variant_is_visible_in_the_guest
    hardware::builtin_hw_exit_code_and_stream_separation
    hardware::builtin_hw_image_defaults_hold_and_the_guest_is_not_root
    hardware::builtin_hw_pty_reports_the_initial_size_and_follows_resizes
    hardware::builtin_hw_resource_limits_are_enforced_in_the_guest
    hardware::builtin_hw_runtime_overrides_win_over_image_defaults_but_never_root
    lifecycle::builtin_hw_actual_awman_cli_synthetic_agent_exit_37
    network_resources::builtin_hw_denied_egress_blocks_dns_ip_and_proxy_bypass
    network_resources::builtin_hw_memory_oom_preserves_host_and_peer
    network_resources::builtin_hw_network_dns_auth_ca_proxy_mcp
    network_resources::builtin_hw_network_policy_isolated_between_vms
    network_resources::builtin_hw_offline_cached_execution_under_denial
    network_resources::builtin_hw_vcpu_load_and_cleanup

test result: FAILED. 0 passed; 20 failed; 0 ignored; 0 measured; 62 filtered out; finished in 0.26s

error: test failed, to rerun pass `--test builtin_runtime`
