    Blocking waiting for file lock on artifact directory
   Compiling awman v0.12.0 (/workspace)
warning: struct `BackgroundReader` is never constructed
   --> src/engine/oci/verify.rs:355:19
    |
355 | pub(super) struct BackgroundReader {
    |                   ^^^^^^^^^^^^^^^^
    |
    = note: `#[warn(dead_code)]` (part of `#[warn(unused)]`) on by default

warning: associated function `spawn` is never used
   --> src/engine/oci/verify.rs:365:19
    |
364 | impl BackgroundReader {
    | --------------------- associated function in this implementation
365 |     pub(super) fn spawn(
    |                   ^^^^^

warning: `awman` (lib) generated 2 warnings
error[E0599]: no function or associated item named `from_pairs` found for struct `EnvSnapshot` in the current scope
   --> tests/oci_import/real_stores.rs:322:28
    |
322 |     let env = EnvSnapshot::from_pairs([
    |                            ^^^^^^^^^^ function or associated item not found in `EnvSnapshot`
    |
note: if you're trying to build a new `EnvSnapshot` consider using one of the following associated functions:
      EnvSnapshot::empty
      EnvSnapshot::with_overrides
   --> src/data/config/env.rs:227:5
    |
227 |       pub fn empty() -> Self {
    |       ^^^^^^^^^^^^^^^^^^^^^^
...
234 | /     pub fn with_overrides<I, K, V>(entries: I) -> Self
235 | |     where
236 | |         I: IntoIterator<Item = (K, V)>,
237 | |         K: Into<String>,
238 | |         V: Into<String>,
    | |________________________^

error[E0373]: closure may outlive the current function, but it borrows `template`, which is owned by the current function
   --> tests/oci_import/corpus.rs:397:39
    |
397 |             formats.iter().filter_map(|format| {
    |                                       ^^^^^^^^ may outlive borrowed value `template`
398 |                 (!covered.contains(&(template.clone(), (*format).to_string())))
399 |                     .then(|| format!("{template}/{format}"))
    |                                        -------- `template` is borrowed here
    |
note: closure is returned here
   --> tests/oci_import/corpus.rs:397:13
    |
397 | /             formats.iter().filter_map(|format| {
398 | |                 (!covered.contains(&(template.clone(), (*format).to_string())))
399 | |                     .then(|| format!("{template}/{format}"))
400 | |             })
    | |______________^
help: to force the closure to take ownership of `template` (and any other referenced variables), use the `move` keyword
    |
397 |             formats.iter().filter_map(move |format| {
    |                                       ++++

Some errors have detailed explanations: E0373, E0599.
For more information about an error, try `rustc --explain E0373`.
error: could not compile `awman` (test "oci_import") due to 2 previous errors
warning: build failed, waiting for other jobs to finish...
